Simulator report for S_Array_Init
Sun Jun 15 13:16:35 2025
Quartus II Version 9.0 Build 235 06/17/2009 Service Pack 2 SJ Web Edition


---------------------
; Table of Contents ;
---------------------
  1. Legal Notice
  2. Simulator Summary
  3. Simulator Settings
  4. Simulation Waveforms
  5. Coverage Summary
  6. Complete 1/0-Value Coverage
  7. Missing 1-Value Coverage
  8. Missing 0-Value Coverage
  9. Simulator INI Usage
 10. Simulator Messages



----------------
; Legal Notice ;
----------------
Copyright (C) 1991-2009 Altera Corporation
Your use of Altera Corporation's design tools, logic functions 
and other software and tools, and its AMPP partner logic 
functions, and any output files from any of the foregoing 
(including device programming or simulation files), and any 
associated documentation or information are expressly subject 
to the terms and conditions of the Altera Program License 
Subscription Agreement, Altera MegaCore Function License 
Agreement, or other applicable license agreement, including, 
without limitation, that your use is for the sole purpose of 
programming logic devices manufactured by Altera and sold by 
Altera or its authorized distributors.  Please refer to the 
applicable agreement for further details.



+--------------------------------------------+
; Simulator Summary                          ;
+-----------------------------+--------------+
; Type                        ; Value        ;
+-----------------------------+--------------+
; Simulation Start Time       ; 0 ps         ;
; Simulation End Time         ; 20.0 us      ;
; Simulation Netlist Size     ; 582 nodes    ;
; Simulation Coverage         ;      37.70 % ;
; Total Number of Transitions ; 47972        ;
; Simulation Breakpoints      ; 0            ;
; Family                      ; Stratix II   ;
+-----------------------------+--------------+


+-------------------------------------------------------------------------------------------------------------------------+
; Simulator Settings                                                                                                      ;
+--------------------------------------------------------------------------------------------+------------+---------------+
; Option                                                                                     ; Setting    ; Default Value ;
+--------------------------------------------------------------------------------------------+------------+---------------+
; Simulation mode                                                                            ; Functional ; Timing        ;
; Start time                                                                                 ; 0 ns       ; 0 ns          ;
; Simulation results format                                                                  ; CVWF       ;               ;
; Add pins automatically to simulation output waveforms                                      ; On         ; On            ;
; Check outputs                                                                              ; Off        ; Off           ;
; Report simulation coverage                                                                 ; On         ; On            ;
; Display complete 1/0 value coverage report                                                 ; On         ; On            ;
; Display missing 1-value coverage report                                                    ; On         ; On            ;
; Display missing 0-value coverage report                                                    ; On         ; On            ;
; Detect setup and hold time violations                                                      ; Off        ; Off           ;
; Detect glitches                                                                            ; Off        ; Off           ;
; Disable timing delays in Timing Simulation                                                 ; Off        ; Off           ;
; Generate Signal Activity File                                                              ; Off        ; Off           ;
; Generate VCD File for PowerPlay Power Analyzer                                             ; Off        ; Off           ;
; Group bus channels in simulation results                                                   ; Off        ; Off           ;
; Preserve fewer signal transitions to reduce memory requirements                            ; On         ; On            ;
; Trigger vector comparison with the specified mode                                          ; INPUT_EDGE ; INPUT_EDGE    ;
; Disable setup and hold time violations detection in input registers of bi-directional pins ; Off        ; Off           ;
; Overwrite Waveform Inputs With Simulation Outputs                                          ; On         ;               ;
; Perform Glitch Filtering in Timing Simulation                                              ; Auto       ; Auto          ;
+--------------------------------------------------------------------------------------------+------------+---------------+


+----------------------+
; Simulation Waveforms ;
+----------------------+
Waveform report data cannot be output to ASCII.
Please use Quartus II to view the waveform report data.


+--------------------------------------------------------------------+
; Coverage Summary                                                   ;
+-----------------------------------------------------+--------------+
; Type                                                ; Value        ;
+-----------------------------------------------------+--------------+
; Total coverage as a percentage                      ;      37.70 % ;
; Total nodes checked                                 ; 582          ;
; Total output ports checked                          ; 573          ;
; Total output ports with complete 1/0-value coverage ; 216          ;
; Total output ports with no 1/0-value coverage       ; 357          ;
; Total output ports with no 1-value coverage         ; 357          ;
; Total output ports with no 0-value coverage         ; 357          ;
+-----------------------------------------------------+--------------+


The following table displays output ports that toggle between 1 and 0 during simulation.
+------------------------------------------------------------------------------------------+
; Complete 1/0-Value Coverage                                                              ;
+-----------------------------------+-----------------------------------+------------------+
; Node Name                         ; Output Port Name                  ; Output Port Type ;
+-----------------------------------+-----------------------------------+------------------+
; |S_Array_Init|wr_data_out[1]~reg0 ; |S_Array_Init|wr_data_out[1]~reg0 ; regout           ;
; |S_Array_Init|init_counter~8      ; |S_Array_Init|init_counter~8      ; out              ;
; |S_Array_Init|init_counter~9      ; |S_Array_Init|init_counter~9      ; out              ;
; |S_Array_Init|init_counter~10     ; |S_Array_Init|init_counter~10     ; out              ;
; |S_Array_Init|init_counter~11     ; |S_Array_Init|init_counter~11     ; out              ;
; |S_Array_Init|init_counter~12     ; |S_Array_Init|init_counter~12     ; out              ;
; |S_Array_Init|init_counter~13     ; |S_Array_Init|init_counter~13     ; out              ;
; |S_Array_Init|init_counter~14     ; |S_Array_Init|init_counter~14     ; out              ;
; |S_Array_Init|init_counter~15     ; |S_Array_Init|init_counter~15     ; out              ;
; |S_Array_Init|addr_out~8          ; |S_Array_Init|addr_out~8          ; out              ;
; |S_Array_Init|addr_out~9          ; |S_Array_Init|addr_out~9          ; out              ;
; |S_Array_Init|addr_out~10         ; |S_Array_Init|addr_out~10         ; out              ;
; |S_Array_Init|addr_out~11         ; |S_Array_Init|addr_out~11         ; out              ;
; |S_Array_Init|addr_out~12         ; |S_Array_Init|addr_out~12         ; out              ;
; |S_Array_Init|addr_out~13         ; |S_Array_Init|addr_out~13         ; out              ;
; |S_Array_Init|addr_out~14         ; |S_Array_Init|addr_out~14         ; out              ;
; |S_Array_Init|addr_out~15         ; |S_Array_Init|addr_out~15         ; out              ;
; |S_Array_Init|wr_data_out~8       ; |S_Array_Init|wr_data_out~8       ; out              ;
; |S_Array_Init|wr_data_out~9       ; |S_Array_Init|wr_data_out~9       ; out              ;
; |S_Array_Init|wr_data_out~10      ; |S_Array_Init|wr_data_out~10      ; out              ;
; |S_Array_Init|wr_data_out~11      ; |S_Array_Init|wr_data_out~11      ; out              ;
; |S_Array_Init|wr_data_out~12      ; |S_Array_Init|wr_data_out~12      ; out              ;
; |S_Array_Init|wr_data_out~13      ; |S_Array_Init|wr_data_out~13      ; out              ;
; |S_Array_Init|wr_data_out~14      ; |S_Array_Init|wr_data_out~14      ; out              ;
; |S_Array_Init|wr_data_out~15      ; |S_Array_Init|wr_data_out~15      ; out              ;
; |S_Array_Init|wr_start~1          ; |S_Array_Init|wr_start~1          ; out              ;
; |S_Array_Init|state~1             ; |S_Array_Init|state~1             ; out              ;
; |S_Array_Init|state~3             ; |S_Array_Init|state~3             ; out              ;
; |S_Array_Init|state~6             ; |S_Array_Init|state~6             ; out              ;
; |S_Array_Init|init_counter~16     ; |S_Array_Init|init_counter~16     ; out              ;
; |S_Array_Init|init_counter~17     ; |S_Array_Init|init_counter~17     ; out              ;
; |S_Array_Init|init_counter~18     ; |S_Array_Init|init_counter~18     ; out              ;
; |S_Array_Init|init_counter~19     ; |S_Array_Init|init_counter~19     ; out              ;
; |S_Array_Init|init_counter~20     ; |S_Array_Init|init_counter~20     ; out              ;
; |S_Array_Init|init_counter~21     ; |S_Array_Init|init_counter~21     ; out              ;
; |S_Array_Init|init_counter~22     ; |S_Array_Init|init_counter~22     ; out              ;
; |S_Array_Init|init_counter~23     ; |S_Array_Init|init_counter~23     ; out              ;
; |S_Array_Init|addr_out~16         ; |S_Array_Init|addr_out~16         ; out              ;
; |S_Array_Init|addr_out~17         ; |S_Array_Init|addr_out~17         ; out              ;
; |S_Array_Init|addr_out~18         ; |S_Array_Init|addr_out~18         ; out              ;
; |S_Array_Init|addr_out~19         ; |S_Array_Init|addr_out~19         ; out              ;
; |S_Array_Init|addr_out~20         ; |S_Array_Init|addr_out~20         ; out              ;
; |S_Array_Init|addr_out~21         ; |S_Array_Init|addr_out~21         ; out              ;
; |S_Array_Init|addr_out~22         ; |S_Array_Init|addr_out~22         ; out              ;
; |S_Array_Init|addr_out~23         ; |S_Array_Init|addr_out~23         ; out              ;
; |S_Array_Init|wr_data_out~16      ; |S_Array_Init|wr_data_out~16      ; out              ;
; |S_Array_Init|wr_data_out~17      ; |S_Array_Init|wr_data_out~17      ; out              ;
; |S_Array_Init|wr_data_out~18      ; |S_Array_Init|wr_data_out~18      ; out              ;
; |S_Array_Init|wr_data_out~19      ; |S_Array_Init|wr_data_out~19      ; out              ;
; |S_Array_Init|wr_data_out~20      ; |S_Array_Init|wr_data_out~20      ; out              ;
; |S_Array_Init|wr_data_out~21      ; |S_Array_Init|wr_data_out~21      ; out              ;
; |S_Array_Init|wr_data_out~22      ; |S_Array_Init|wr_data_out~22      ; out              ;
; |S_Array_Init|wr_data_out~23      ; |S_Array_Init|wr_data_out~23      ; out              ;
; |S_Array_Init|wr_start~2          ; |S_Array_Init|wr_start~2          ; out              ;
; |S_Array_Init|state~9             ; |S_Array_Init|state~9             ; out              ;
; |S_Array_Init|wr_data_out[0]~reg0 ; |S_Array_Init|wr_data_out[0]~reg0 ; regout           ;
; |S_Array_Init|state~12            ; |S_Array_Init|state~12            ; out              ;
; |S_Array_Init|WideOr1             ; |S_Array_Init|WideOr1             ; out0             ;
; |S_Array_Init|state~14            ; |S_Array_Init|state~14            ; out              ;
; |S_Array_Init|state~15            ; |S_Array_Init|state~15            ; out              ;
; |S_Array_Init|state~16            ; |S_Array_Init|state~16            ; out              ;
; |S_Array_Init|state~19            ; |S_Array_Init|state~19            ; out              ;
; |S_Array_Init|state~20            ; |S_Array_Init|state~20            ; out              ;
; |S_Array_Init|init_counter~24     ; |S_Array_Init|init_counter~24     ; out              ;
; |S_Array_Init|init_counter~25     ; |S_Array_Init|init_counter~25     ; out              ;
; |S_Array_Init|init_counter~26     ; |S_Array_Init|init_counter~26     ; out              ;
; |S_Array_Init|init_counter~27     ; |S_Array_Init|init_counter~27     ; out              ;
; |S_Array_Init|init_counter~28     ; |S_Array_Init|init_counter~28     ; out              ;
; |S_Array_Init|init_counter~29     ; |S_Array_Init|init_counter~29     ; out              ;
; |S_Array_Init|init_counter~30     ; |S_Array_Init|init_counter~30     ; out              ;
; |S_Array_Init|init_counter~31     ; |S_Array_Init|init_counter~31     ; out              ;
; |S_Array_Init|wr_start~3          ; |S_Array_Init|wr_start~3          ; out              ;
; |S_Array_Init|addr_out~24         ; |S_Array_Init|addr_out~24         ; out              ;
; |S_Array_Init|addr_out~25         ; |S_Array_Init|addr_out~25         ; out              ;
; |S_Array_Init|addr_out~26         ; |S_Array_Init|addr_out~26         ; out              ;
; |S_Array_Init|addr_out~27         ; |S_Array_Init|addr_out~27         ; out              ;
; |S_Array_Init|addr_out~28         ; |S_Array_Init|addr_out~28         ; out              ;
; |S_Array_Init|addr_out~29         ; |S_Array_Init|addr_out~29         ; out              ;
; |S_Array_Init|addr_out~30         ; |S_Array_Init|addr_out~30         ; out              ;
; |S_Array_Init|addr_out~31         ; |S_Array_Init|addr_out~31         ; out              ;
; |S_Array_Init|wr_data_out~24      ; |S_Array_Init|wr_data_out~24      ; out              ;
; |S_Array_Init|wr_data_out~25      ; |S_Array_Init|wr_data_out~25      ; out              ;
; |S_Array_Init|wr_data_out~26      ; |S_Array_Init|wr_data_out~26      ; out              ;
; |S_Array_Init|wr_data_out~27      ; |S_Array_Init|wr_data_out~27      ; out              ;
; |S_Array_Init|wr_data_out~28      ; |S_Array_Init|wr_data_out~28      ; out              ;
; |S_Array_Init|wr_data_out~29      ; |S_Array_Init|wr_data_out~29      ; out              ;
; |S_Array_Init|wr_data_out~30      ; |S_Array_Init|wr_data_out~30      ; out              ;
; |S_Array_Init|wr_data_out~31      ; |S_Array_Init|wr_data_out~31      ; out              ;
; |S_Array_Init|wr_data_out[2]~reg0 ; |S_Array_Init|wr_data_out[2]~reg0 ; regout           ;
; |S_Array_Init|wr_data_out[3]~reg0 ; |S_Array_Init|wr_data_out[3]~reg0 ; regout           ;
; |S_Array_Init|wr_data_out[4]~reg0 ; |S_Array_Init|wr_data_out[4]~reg0 ; regout           ;
; |S_Array_Init|wr_data_out[5]~reg0 ; |S_Array_Init|wr_data_out[5]~reg0 ; regout           ;
; |S_Array_Init|wr_data_out[6]~reg0 ; |S_Array_Init|wr_data_out[6]~reg0 ; regout           ;
; |S_Array_Init|wr_data_out[7]~reg0 ; |S_Array_Init|wr_data_out[7]~reg0 ; regout           ;
; |S_Array_Init|addr_out[0]~reg0    ; |S_Array_Init|addr_out[0]~reg0    ; regout           ;
; |S_Array_Init|addr_out[1]~reg0    ; |S_Array_Init|addr_out[1]~reg0    ; regout           ;
; |S_Array_Init|addr_out[2]~reg0    ; |S_Array_Init|addr_out[2]~reg0    ; regout           ;
; |S_Array_Init|addr_out[3]~reg0    ; |S_Array_Init|addr_out[3]~reg0    ; regout           ;
; |S_Array_Init|addr_out[4]~reg0    ; |S_Array_Init|addr_out[4]~reg0    ; regout           ;
; |S_Array_Init|addr_out[5]~reg0    ; |S_Array_Init|addr_out[5]~reg0    ; regout           ;
; |S_Array_Init|addr_out[6]~reg0    ; |S_Array_Init|addr_out[6]~reg0    ; regout           ;
; |S_Array_Init|addr_out[7]~reg0    ; |S_Array_Init|addr_out[7]~reg0    ; regout           ;
; |S_Array_Init|wr_start~reg0       ; |S_Array_Init|wr_start~reg0       ; regout           ;
; |S_Array_Init|init_counter[0]     ; |S_Array_Init|init_counter[0]     ; regout           ;
; |S_Array_Init|init_counter[1]     ; |S_Array_Init|init_counter[1]     ; regout           ;
; |S_Array_Init|init_counter[2]     ; |S_Array_Init|init_counter[2]     ; regout           ;
; |S_Array_Init|init_counter[3]     ; |S_Array_Init|init_counter[3]     ; regout           ;
; |S_Array_Init|init_counter[4]     ; |S_Array_Init|init_counter[4]     ; regout           ;
; |S_Array_Init|init_counter[5]     ; |S_Array_Init|init_counter[5]     ; regout           ;
; |S_Array_Init|init_counter[6]     ; |S_Array_Init|init_counter[6]     ; regout           ;
; |S_Array_Init|init_counter[7]     ; |S_Array_Init|init_counter[7]     ; regout           ;
; |S_Array_Init|state[0]            ; |S_Array_Init|state[0]            ; regout           ;
; |S_Array_Init|state[1]            ; |S_Array_Init|state[1]            ; regout           ;
; |S_Array_Init|state[4]            ; |S_Array_Init|state[4]            ; regout           ;
; |S_Array_Init|state[5]            ; |S_Array_Init|state[5]            ; regout           ;
; |S_Array_Init|state[6]            ; |S_Array_Init|state[6]            ; regout           ;
; |S_Array_Init|clk                 ; |S_Array_Init|clk                 ; out              ;
; |S_Array_Init|finish              ; |S_Array_Init|finish              ; pin_out          ;
; |S_Array_Init|busy                ; |S_Array_Init|busy                ; pin_out          ;
; |S_Array_Init|wr_start            ; |S_Array_Init|wr_start            ; pin_out          ;
; |S_Array_Init|addr_out[0]         ; |S_Array_Init|addr_out[0]         ; pin_out          ;
; |S_Array_Init|addr_out[1]         ; |S_Array_Init|addr_out[1]         ; pin_out          ;
; |S_Array_Init|addr_out[2]         ; |S_Array_Init|addr_out[2]         ; pin_out          ;
; |S_Array_Init|addr_out[3]         ; |S_Array_Init|addr_out[3]         ; pin_out          ;
; |S_Array_Init|addr_out[4]         ; |S_Array_Init|addr_out[4]         ; pin_out          ;
; |S_Array_Init|addr_out[5]         ; |S_Array_Init|addr_out[5]         ; pin_out          ;
; |S_Array_Init|addr_out[6]         ; |S_Array_Init|addr_out[6]         ; pin_out          ;
; |S_Array_Init|addr_out[7]         ; |S_Array_Init|addr_out[7]         ; pin_out          ;
; |S_Array_Init|wr_data_out[0]      ; |S_Array_Init|wr_data_out[0]      ; pin_out          ;
; |S_Array_Init|wr_data_out[1]      ; |S_Array_Init|wr_data_out[1]      ; pin_out          ;
; |S_Array_Init|wr_data_out[2]      ; |S_Array_Init|wr_data_out[2]      ; pin_out          ;
; |S_Array_Init|wr_data_out[3]      ; |S_Array_Init|wr_data_out[3]      ; pin_out          ;
; |S_Array_Init|wr_data_out[4]      ; |S_Array_Init|wr_data_out[4]      ; pin_out          ;
; |S_Array_Init|wr_data_out[5]      ; |S_Array_Init|wr_data_out[5]      ; pin_out          ;
; |S_Array_Init|wr_data_out[6]      ; |S_Array_Init|wr_data_out[6]      ; pin_out          ;
; |S_Array_Init|wr_data_out[7]      ; |S_Array_Init|wr_data_out[7]      ; pin_out          ;
; |S_Array_Init|Selector0~0         ; |S_Array_Init|Selector0~0         ; out0             ;
; |S_Array_Init|Selector1~0         ; |S_Array_Init|Selector1~0         ; out0             ;
; |S_Array_Init|Selector1~1         ; |S_Array_Init|Selector1~1         ; out0             ;
; |S_Array_Init|Selector1~2         ; |S_Array_Init|Selector1~2         ; out0             ;
; |S_Array_Init|Selector2~0         ; |S_Array_Init|Selector2~0         ; out0             ;
; |S_Array_Init|Selector2~1         ; |S_Array_Init|Selector2~1         ; out0             ;
; |S_Array_Init|Selector2~2         ; |S_Array_Init|Selector2~2         ; out0             ;
; |S_Array_Init|Selector3~0         ; |S_Array_Init|Selector3~0         ; out              ;
; |S_Array_Init|Selector3~1         ; |S_Array_Init|Selector3~1         ; out              ;
; |S_Array_Init|Selector4~0         ; |S_Array_Init|Selector4~0         ; out              ;
; |S_Array_Init|Selector4~1         ; |S_Array_Init|Selector4~1         ; out              ;
; |S_Array_Init|Selector5~0         ; |S_Array_Init|Selector5~0         ; out              ;
; |S_Array_Init|Selector5~1         ; |S_Array_Init|Selector5~1         ; out              ;
; |S_Array_Init|Selector6~0         ; |S_Array_Init|Selector6~0         ; out              ;
; |S_Array_Init|Selector6~1         ; |S_Array_Init|Selector6~1         ; out              ;
; |S_Array_Init|Selector7~0         ; |S_Array_Init|Selector7~0         ; out              ;
; |S_Array_Init|Selector7~1         ; |S_Array_Init|Selector7~1         ; out              ;
; |S_Array_Init|Selector8~0         ; |S_Array_Init|Selector8~0         ; out              ;
; |S_Array_Init|Selector8~1         ; |S_Array_Init|Selector8~1         ; out              ;
; |S_Array_Init|Selector9~0         ; |S_Array_Init|Selector9~0         ; out              ;
; |S_Array_Init|Selector9~1         ; |S_Array_Init|Selector9~1         ; out              ;
; |S_Array_Init|Selector10~0        ; |S_Array_Init|Selector10~0        ; out              ;
; |S_Array_Init|Selector10~1        ; |S_Array_Init|Selector10~1        ; out              ;
; |S_Array_Init|Selector11~0        ; |S_Array_Init|Selector11~0        ; out              ;
; |S_Array_Init|Selector11~1        ; |S_Array_Init|Selector11~1        ; out              ;
; |S_Array_Init|Selector12~0        ; |S_Array_Init|Selector12~0        ; out              ;
; |S_Array_Init|Selector12~1        ; |S_Array_Init|Selector12~1        ; out              ;
; |S_Array_Init|Selector13~0        ; |S_Array_Init|Selector13~0        ; out              ;
; |S_Array_Init|Selector13~1        ; |S_Array_Init|Selector13~1        ; out              ;
; |S_Array_Init|Selector14~0        ; |S_Array_Init|Selector14~0        ; out              ;
; |S_Array_Init|Selector14~1        ; |S_Array_Init|Selector14~1        ; out              ;
; |S_Array_Init|Selector15~0        ; |S_Array_Init|Selector15~0        ; out              ;
; |S_Array_Init|Selector15~1        ; |S_Array_Init|Selector15~1        ; out              ;
; |S_Array_Init|Selector16~0        ; |S_Array_Init|Selector16~0        ; out              ;
; |S_Array_Init|Selector16~1        ; |S_Array_Init|Selector16~1        ; out              ;
; |S_Array_Init|Selector17~0        ; |S_Array_Init|Selector17~0        ; out              ;
; |S_Array_Init|Selector17~1        ; |S_Array_Init|Selector17~1        ; out              ;
; |S_Array_Init|Selector18~0        ; |S_Array_Init|Selector18~0        ; out              ;
; |S_Array_Init|Selector18~1        ; |S_Array_Init|Selector18~1        ; out              ;
; |S_Array_Init|Selector19~0        ; |S_Array_Init|Selector19~0        ; out              ;
; |S_Array_Init|Selector19~1        ; |S_Array_Init|Selector19~1        ; out              ;
; |S_Array_Init|Selector20~0        ; |S_Array_Init|Selector20~0        ; out              ;
; |S_Array_Init|Selector20~1        ; |S_Array_Init|Selector20~1        ; out              ;
; |S_Array_Init|Selector21~0        ; |S_Array_Init|Selector21~0        ; out              ;
; |S_Array_Init|Selector21~1        ; |S_Array_Init|Selector21~1        ; out              ;
; |S_Array_Init|Selector22~0        ; |S_Array_Init|Selector22~0        ; out              ;
; |S_Array_Init|Selector22~1        ; |S_Array_Init|Selector22~1        ; out              ;
; |S_Array_Init|Selector23~0        ; |S_Array_Init|Selector23~0        ; out              ;
; |S_Array_Init|Selector23~1        ; |S_Array_Init|Selector23~1        ; out              ;
; |S_Array_Init|Selector24~0        ; |S_Array_Init|Selector24~0        ; out              ;
; |S_Array_Init|Selector24~1        ; |S_Array_Init|Selector24~1        ; out              ;
; |S_Array_Init|Selector25~0        ; |S_Array_Init|Selector25~0        ; out              ;
; |S_Array_Init|Selector25~1        ; |S_Array_Init|Selector25~1        ; out              ;
; |S_Array_Init|Selector26~0        ; |S_Array_Init|Selector26~0        ; out              ;
; |S_Array_Init|Selector26~1        ; |S_Array_Init|Selector26~1        ; out              ;
; |S_Array_Init|Selector27~0        ; |S_Array_Init|Selector27~0        ; out0             ;
; |S_Array_Init|Selector27~1        ; |S_Array_Init|Selector27~1        ; out0             ;
; |S_Array_Init|Selector27~2        ; |S_Array_Init|Selector27~2        ; out0             ;
; |S_Array_Init|Decoder0~0          ; |S_Array_Init|Decoder0~0          ; out0             ;
; |S_Array_Init|Decoder0~17         ; |S_Array_Init|Decoder0~17         ; out0             ;
; |S_Array_Init|Decoder0~33         ; |S_Array_Init|Decoder0~33         ; out0             ;
; |S_Array_Init|Decoder0~67         ; |S_Array_Init|Decoder0~67         ; out0             ;
; |S_Array_Init|Decoder0~256        ; |S_Array_Init|Decoder0~256        ; out              ;
; |S_Array_Init|Decoder0~259        ; |S_Array_Init|Decoder0~259        ; out              ;
; |S_Array_Init|Decoder0~273        ; |S_Array_Init|Decoder0~273        ; out              ;
; |S_Array_Init|Decoder0~289        ; |S_Array_Init|Decoder0~289        ; out              ;
; |S_Array_Init|Add0~0              ; |S_Array_Init|Add0~0              ; out0             ;
; |S_Array_Init|Add0~1              ; |S_Array_Init|Add0~1              ; out0             ;
; |S_Array_Init|Add0~2              ; |S_Array_Init|Add0~2              ; out0             ;
; |S_Array_Init|Add0~3              ; |S_Array_Init|Add0~3              ; out0             ;
; |S_Array_Init|Add0~4              ; |S_Array_Init|Add0~4              ; out0             ;
; |S_Array_Init|Add0~5              ; |S_Array_Init|Add0~5              ; out0             ;
; |S_Array_Init|Add0~6              ; |S_Array_Init|Add0~6              ; out0             ;
; |S_Array_Init|Add0~7              ; |S_Array_Init|Add0~7              ; out0             ;
; |S_Array_Init|Add0~8              ; |S_Array_Init|Add0~8              ; out0             ;
; |S_Array_Init|Add0~9              ; |S_Array_Init|Add0~9              ; out0             ;
; |S_Array_Init|Add0~10             ; |S_Array_Init|Add0~10             ; out0             ;
; |S_Array_Init|Add0~11             ; |S_Array_Init|Add0~11             ; out0             ;
; |S_Array_Init|Add0~12             ; |S_Array_Init|Add0~12             ; out0             ;
; |S_Array_Init|Equal0~0            ; |S_Array_Init|Equal0~0            ; out0             ;
+-----------------------------------+-----------------------------------+------------------+


The following table displays output ports that do not toggle to 1 during simulation.
+--------------------------------------------------------------------------------+
; Missing 1-Value Coverage                                                       ;
+------------------------------+------------------------------+------------------+
; Node Name                    ; Output Port Name             ; Output Port Type ;
+------------------------------+------------------------------+------------------+
; |S_Array_Init|init_counter~0 ; |S_Array_Init|init_counter~0 ; out              ;
; |S_Array_Init|init_counter~1 ; |S_Array_Init|init_counter~1 ; out              ;
; |S_Array_Init|init_counter~2 ; |S_Array_Init|init_counter~2 ; out              ;
; |S_Array_Init|init_counter~3 ; |S_Array_Init|init_counter~3 ; out              ;
; |S_Array_Init|init_counter~4 ; |S_Array_Init|init_counter~4 ; out              ;
; |S_Array_Init|init_counter~5 ; |S_Array_Init|init_counter~5 ; out              ;
; |S_Array_Init|init_counter~6 ; |S_Array_Init|init_counter~6 ; out              ;
; |S_Array_Init|init_counter~7 ; |S_Array_Init|init_counter~7 ; out              ;
; |S_Array_Init|addr_out~0     ; |S_Array_Init|addr_out~0     ; out              ;
; |S_Array_Init|addr_out~1     ; |S_Array_Init|addr_out~1     ; out              ;
; |S_Array_Init|addr_out~2     ; |S_Array_Init|addr_out~2     ; out              ;
; |S_Array_Init|addr_out~3     ; |S_Array_Init|addr_out~3     ; out              ;
; |S_Array_Init|addr_out~4     ; |S_Array_Init|addr_out~4     ; out              ;
; |S_Array_Init|addr_out~5     ; |S_Array_Init|addr_out~5     ; out              ;
; |S_Array_Init|addr_out~6     ; |S_Array_Init|addr_out~6     ; out              ;
; |S_Array_Init|addr_out~7     ; |S_Array_Init|addr_out~7     ; out              ;
; |S_Array_Init|wr_data_out~0  ; |S_Array_Init|wr_data_out~0  ; out              ;
; |S_Array_Init|wr_data_out~1  ; |S_Array_Init|wr_data_out~1  ; out              ;
; |S_Array_Init|wr_data_out~2  ; |S_Array_Init|wr_data_out~2  ; out              ;
; |S_Array_Init|wr_data_out~3  ; |S_Array_Init|wr_data_out~3  ; out              ;
; |S_Array_Init|wr_data_out~4  ; |S_Array_Init|wr_data_out~4  ; out              ;
; |S_Array_Init|wr_data_out~5  ; |S_Array_Init|wr_data_out~5  ; out              ;
; |S_Array_Init|wr_data_out~6  ; |S_Array_Init|wr_data_out~6  ; out              ;
; |S_Array_Init|wr_data_out~7  ; |S_Array_Init|wr_data_out~7  ; out              ;
; |S_Array_Init|wr_start~0     ; |S_Array_Init|wr_start~0     ; out              ;
; |S_Array_Init|state~0        ; |S_Array_Init|state~0        ; out              ;
; |S_Array_Init|state~2        ; |S_Array_Init|state~2        ; out              ;
; |S_Array_Init|state~4        ; |S_Array_Init|state~4        ; out              ;
; |S_Array_Init|state~5        ; |S_Array_Init|state~5        ; out              ;
; |S_Array_Init|state~7        ; |S_Array_Init|state~7        ; out              ;
; |S_Array_Init|state~8        ; |S_Array_Init|state~8        ; out              ;
; |S_Array_Init|state~10       ; |S_Array_Init|state~10       ; out              ;
; |S_Array_Init|state~11       ; |S_Array_Init|state~11       ; out              ;
; |S_Array_Init|state~13       ; |S_Array_Init|state~13       ; out              ;
; |S_Array_Init|state~17       ; |S_Array_Init|state~17       ; out              ;
; |S_Array_Init|state~18       ; |S_Array_Init|state~18       ; out              ;
; |S_Array_Init|state[2]       ; |S_Array_Init|state[2]       ; regout           ;
; |S_Array_Init|state[3]       ; |S_Array_Init|state[3]       ; regout           ;
; |S_Array_Init|state[7]       ; |S_Array_Init|state[7]       ; regout           ;
; |S_Array_Init|nreset         ; |S_Array_Init|nreset         ; out              ;
; |S_Array_Init|start          ; |S_Array_Init|start          ; out              ;
; |S_Array_Init|wr_done        ; |S_Array_Init|wr_done        ; out              ;
; |S_Array_Init|rd_start       ; |S_Array_Init|rd_start       ; pin_out          ;
; |S_Array_Init|Selector0~1    ; |S_Array_Init|Selector0~1    ; out0             ;
; |S_Array_Init|Selector27~3   ; |S_Array_Init|Selector27~3   ; out0             ;
; |S_Array_Init|Decoder0~1     ; |S_Array_Init|Decoder0~1     ; out0             ;
; |S_Array_Init|Decoder0~2     ; |S_Array_Init|Decoder0~2     ; out0             ;
; |S_Array_Init|Decoder0~3     ; |S_Array_Init|Decoder0~3     ; out0             ;
; |S_Array_Init|Decoder0~4     ; |S_Array_Init|Decoder0~4     ; out0             ;
; |S_Array_Init|Decoder0~5     ; |S_Array_Init|Decoder0~5     ; out0             ;
; |S_Array_Init|Decoder0~6     ; |S_Array_Init|Decoder0~6     ; out0             ;
; |S_Array_Init|Decoder0~7     ; |S_Array_Init|Decoder0~7     ; out0             ;
; |S_Array_Init|Decoder0~8     ; |S_Array_Init|Decoder0~8     ; out0             ;
; |S_Array_Init|Decoder0~9     ; |S_Array_Init|Decoder0~9     ; out0             ;
; |S_Array_Init|Decoder0~10    ; |S_Array_Init|Decoder0~10    ; out0             ;
; |S_Array_Init|Decoder0~11    ; |S_Array_Init|Decoder0~11    ; out0             ;
; |S_Array_Init|Decoder0~12    ; |S_Array_Init|Decoder0~12    ; out0             ;
; |S_Array_Init|Decoder0~13    ; |S_Array_Init|Decoder0~13    ; out0             ;
; |S_Array_Init|Decoder0~14    ; |S_Array_Init|Decoder0~14    ; out0             ;
; |S_Array_Init|Decoder0~15    ; |S_Array_Init|Decoder0~15    ; out0             ;
; |S_Array_Init|Decoder0~16    ; |S_Array_Init|Decoder0~16    ; out0             ;
; |S_Array_Init|Decoder0~18    ; |S_Array_Init|Decoder0~18    ; out0             ;
; |S_Array_Init|Decoder0~19    ; |S_Array_Init|Decoder0~19    ; out0             ;
; |S_Array_Init|Decoder0~20    ; |S_Array_Init|Decoder0~20    ; out0             ;
; |S_Array_Init|Decoder0~21    ; |S_Array_Init|Decoder0~21    ; out0             ;
; |S_Array_Init|Decoder0~22    ; |S_Array_Init|Decoder0~22    ; out0             ;
; |S_Array_Init|Decoder0~23    ; |S_Array_Init|Decoder0~23    ; out0             ;
; |S_Array_Init|Decoder0~24    ; |S_Array_Init|Decoder0~24    ; out0             ;
; |S_Array_Init|Decoder0~25    ; |S_Array_Init|Decoder0~25    ; out0             ;
; |S_Array_Init|Decoder0~26    ; |S_Array_Init|Decoder0~26    ; out0             ;
; |S_Array_Init|Decoder0~27    ; |S_Array_Init|Decoder0~27    ; out0             ;
; |S_Array_Init|Decoder0~28    ; |S_Array_Init|Decoder0~28    ; out0             ;
; |S_Array_Init|Decoder0~29    ; |S_Array_Init|Decoder0~29    ; out0             ;
; |S_Array_Init|Decoder0~30    ; |S_Array_Init|Decoder0~30    ; out0             ;
; |S_Array_Init|Decoder0~31    ; |S_Array_Init|Decoder0~31    ; out0             ;
; |S_Array_Init|Decoder0~32    ; |S_Array_Init|Decoder0~32    ; out0             ;
; |S_Array_Init|Decoder0~34    ; |S_Array_Init|Decoder0~34    ; out0             ;
; |S_Array_Init|Decoder0~35    ; |S_Array_Init|Decoder0~35    ; out0             ;
; |S_Array_Init|Decoder0~36    ; |S_Array_Init|Decoder0~36    ; out0             ;
; |S_Array_Init|Decoder0~37    ; |S_Array_Init|Decoder0~37    ; out0             ;
; |S_Array_Init|Decoder0~38    ; |S_Array_Init|Decoder0~38    ; out0             ;
; |S_Array_Init|Decoder0~39    ; |S_Array_Init|Decoder0~39    ; out0             ;
; |S_Array_Init|Decoder0~40    ; |S_Array_Init|Decoder0~40    ; out0             ;
; |S_Array_Init|Decoder0~41    ; |S_Array_Init|Decoder0~41    ; out0             ;
; |S_Array_Init|Decoder0~42    ; |S_Array_Init|Decoder0~42    ; out0             ;
; |S_Array_Init|Decoder0~43    ; |S_Array_Init|Decoder0~43    ; out0             ;
; |S_Array_Init|Decoder0~44    ; |S_Array_Init|Decoder0~44    ; out0             ;
; |S_Array_Init|Decoder0~45    ; |S_Array_Init|Decoder0~45    ; out0             ;
; |S_Array_Init|Decoder0~46    ; |S_Array_Init|Decoder0~46    ; out0             ;
; |S_Array_Init|Decoder0~47    ; |S_Array_Init|Decoder0~47    ; out0             ;
; |S_Array_Init|Decoder0~48    ; |S_Array_Init|Decoder0~48    ; out0             ;
; |S_Array_Init|Decoder0~49    ; |S_Array_Init|Decoder0~49    ; out0             ;
; |S_Array_Init|Decoder0~50    ; |S_Array_Init|Decoder0~50    ; out0             ;
; |S_Array_Init|Decoder0~51    ; |S_Array_Init|Decoder0~51    ; out0             ;
; |S_Array_Init|Decoder0~52    ; |S_Array_Init|Decoder0~52    ; out0             ;
; |S_Array_Init|Decoder0~53    ; |S_Array_Init|Decoder0~53    ; out0             ;
; |S_Array_Init|Decoder0~54    ; |S_Array_Init|Decoder0~54    ; out0             ;
; |S_Array_Init|Decoder0~55    ; |S_Array_Init|Decoder0~55    ; out0             ;
; |S_Array_Init|Decoder0~56    ; |S_Array_Init|Decoder0~56    ; out0             ;
; |S_Array_Init|Decoder0~57    ; |S_Array_Init|Decoder0~57    ; out0             ;
; |S_Array_Init|Decoder0~58    ; |S_Array_Init|Decoder0~58    ; out0             ;
; |S_Array_Init|Decoder0~59    ; |S_Array_Init|Decoder0~59    ; out0             ;
; |S_Array_Init|Decoder0~60    ; |S_Array_Init|Decoder0~60    ; out0             ;
; |S_Array_Init|Decoder0~61    ; |S_Array_Init|Decoder0~61    ; out0             ;
; |S_Array_Init|Decoder0~62    ; |S_Array_Init|Decoder0~62    ; out0             ;
; |S_Array_Init|Decoder0~63    ; |S_Array_Init|Decoder0~63    ; out0             ;
; |S_Array_Init|Decoder0~64    ; |S_Array_Init|Decoder0~64    ; out0             ;
; |S_Array_Init|Decoder0~65    ; |S_Array_Init|Decoder0~65    ; out0             ;
; |S_Array_Init|Decoder0~66    ; |S_Array_Init|Decoder0~66    ; out0             ;
; |S_Array_Init|Decoder0~68    ; |S_Array_Init|Decoder0~68    ; out0             ;
; |S_Array_Init|Decoder0~69    ; |S_Array_Init|Decoder0~69    ; out0             ;
; |S_Array_Init|Decoder0~70    ; |S_Array_Init|Decoder0~70    ; out0             ;
; |S_Array_Init|Decoder0~71    ; |S_Array_Init|Decoder0~71    ; out0             ;
; |S_Array_Init|Decoder0~72    ; |S_Array_Init|Decoder0~72    ; out0             ;
; |S_Array_Init|Decoder0~73    ; |S_Array_Init|Decoder0~73    ; out0             ;
; |S_Array_Init|Decoder0~74    ; |S_Array_Init|Decoder0~74    ; out0             ;
; |S_Array_Init|Decoder0~75    ; |S_Array_Init|Decoder0~75    ; out0             ;
; |S_Array_Init|Decoder0~76    ; |S_Array_Init|Decoder0~76    ; out0             ;
; |S_Array_Init|Decoder0~77    ; |S_Array_Init|Decoder0~77    ; out0             ;
; |S_Array_Init|Decoder0~78    ; |S_Array_Init|Decoder0~78    ; out0             ;
; |S_Array_Init|Decoder0~79    ; |S_Array_Init|Decoder0~79    ; out0             ;
; |S_Array_Init|Decoder0~80    ; |S_Array_Init|Decoder0~80    ; out0             ;
; |S_Array_Init|Decoder0~81    ; |S_Array_Init|Decoder0~81    ; out0             ;
; |S_Array_Init|Decoder0~82    ; |S_Array_Init|Decoder0~82    ; out0             ;
; |S_Array_Init|Decoder0~83    ; |S_Array_Init|Decoder0~83    ; out0             ;
; |S_Array_Init|Decoder0~84    ; |S_Array_Init|Decoder0~84    ; out0             ;
; |S_Array_Init|Decoder0~85    ; |S_Array_Init|Decoder0~85    ; out0             ;
; |S_Array_Init|Decoder0~86    ; |S_Array_Init|Decoder0~86    ; out0             ;
; |S_Array_Init|Decoder0~87    ; |S_Array_Init|Decoder0~87    ; out0             ;
; |S_Array_Init|Decoder0~88    ; |S_Array_Init|Decoder0~88    ; out0             ;
; |S_Array_Init|Decoder0~89    ; |S_Array_Init|Decoder0~89    ; out0             ;
; |S_Array_Init|Decoder0~90    ; |S_Array_Init|Decoder0~90    ; out0             ;
; |S_Array_Init|Decoder0~91    ; |S_Array_Init|Decoder0~91    ; out0             ;
; |S_Array_Init|Decoder0~92    ; |S_Array_Init|Decoder0~92    ; out0             ;
; |S_Array_Init|Decoder0~93    ; |S_Array_Init|Decoder0~93    ; out0             ;
; |S_Array_Init|Decoder0~94    ; |S_Array_Init|Decoder0~94    ; out0             ;
; |S_Array_Init|Decoder0~95    ; |S_Array_Init|Decoder0~95    ; out0             ;
; |S_Array_Init|Decoder0~96    ; |S_Array_Init|Decoder0~96    ; out0             ;
; |S_Array_Init|Decoder0~97    ; |S_Array_Init|Decoder0~97    ; out0             ;
; |S_Array_Init|Decoder0~98    ; |S_Array_Init|Decoder0~98    ; out0             ;
; |S_Array_Init|Decoder0~99    ; |S_Array_Init|Decoder0~99    ; out0             ;
; |S_Array_Init|Decoder0~100   ; |S_Array_Init|Decoder0~100   ; out0             ;
; |S_Array_Init|Decoder0~101   ; |S_Array_Init|Decoder0~101   ; out0             ;
; |S_Array_Init|Decoder0~102   ; |S_Array_Init|Decoder0~102   ; out0             ;
; |S_Array_Init|Decoder0~103   ; |S_Array_Init|Decoder0~103   ; out0             ;
; |S_Array_Init|Decoder0~104   ; |S_Array_Init|Decoder0~104   ; out0             ;
; |S_Array_Init|Decoder0~105   ; |S_Array_Init|Decoder0~105   ; out0             ;
; |S_Array_Init|Decoder0~106   ; |S_Array_Init|Decoder0~106   ; out0             ;
; |S_Array_Init|Decoder0~107   ; |S_Array_Init|Decoder0~107   ; out0             ;
; |S_Array_Init|Decoder0~108   ; |S_Array_Init|Decoder0~108   ; out0             ;
; |S_Array_Init|Decoder0~109   ; |S_Array_Init|Decoder0~109   ; out0             ;
; |S_Array_Init|Decoder0~110   ; |S_Array_Init|Decoder0~110   ; out0             ;
; |S_Array_Init|Decoder0~111   ; |S_Array_Init|Decoder0~111   ; out0             ;
; |S_Array_Init|Decoder0~112   ; |S_Array_Init|Decoder0~112   ; out0             ;
; |S_Array_Init|Decoder0~113   ; |S_Array_Init|Decoder0~113   ; out0             ;
; |S_Array_Init|Decoder0~114   ; |S_Array_Init|Decoder0~114   ; out0             ;
; |S_Array_Init|Decoder0~115   ; |S_Array_Init|Decoder0~115   ; out0             ;
; |S_Array_Init|Decoder0~116   ; |S_Array_Init|Decoder0~116   ; out0             ;
; |S_Array_Init|Decoder0~117   ; |S_Array_Init|Decoder0~117   ; out0             ;
; |S_Array_Init|Decoder0~118   ; |S_Array_Init|Decoder0~118   ; out0             ;
; |S_Array_Init|Decoder0~119   ; |S_Array_Init|Decoder0~119   ; out0             ;
; |S_Array_Init|Decoder0~120   ; |S_Array_Init|Decoder0~120   ; out0             ;
; |S_Array_Init|Decoder0~121   ; |S_Array_Init|Decoder0~121   ; out0             ;
; |S_Array_Init|Decoder0~122   ; |S_Array_Init|Decoder0~122   ; out0             ;
; |S_Array_Init|Decoder0~123   ; |S_Array_Init|Decoder0~123   ; out0             ;
; |S_Array_Init|Decoder0~124   ; |S_Array_Init|Decoder0~124   ; out0             ;
; |S_Array_Init|Decoder0~125   ; |S_Array_Init|Decoder0~125   ; out0             ;
; |S_Array_Init|Decoder0~126   ; |S_Array_Init|Decoder0~126   ; out0             ;
; |S_Array_Init|Decoder0~127   ; |S_Array_Init|Decoder0~127   ; out0             ;
; |S_Array_Init|Decoder0~128   ; |S_Array_Init|Decoder0~128   ; out0             ;
; |S_Array_Init|Decoder0~129   ; |S_Array_Init|Decoder0~129   ; out0             ;
; |S_Array_Init|Decoder0~130   ; |S_Array_Init|Decoder0~130   ; out0             ;
; |S_Array_Init|Decoder0~131   ; |S_Array_Init|Decoder0~131   ; out0             ;
; |S_Array_Init|Decoder0~132   ; |S_Array_Init|Decoder0~132   ; out0             ;
; |S_Array_Init|Decoder0~133   ; |S_Array_Init|Decoder0~133   ; out0             ;
; |S_Array_Init|Decoder0~134   ; |S_Array_Init|Decoder0~134   ; out0             ;
; |S_Array_Init|Decoder0~135   ; |S_Array_Init|Decoder0~135   ; out0             ;
; |S_Array_Init|Decoder0~136   ; |S_Array_Init|Decoder0~136   ; out0             ;
; |S_Array_Init|Decoder0~137   ; |S_Array_Init|Decoder0~137   ; out0             ;
; |S_Array_Init|Decoder0~138   ; |S_Array_Init|Decoder0~138   ; out0             ;
; |S_Array_Init|Decoder0~139   ; |S_Array_Init|Decoder0~139   ; out0             ;
; |S_Array_Init|Decoder0~140   ; |S_Array_Init|Decoder0~140   ; out0             ;
; |S_Array_Init|Decoder0~141   ; |S_Array_Init|Decoder0~141   ; out0             ;
; |S_Array_Init|Decoder0~142   ; |S_Array_Init|Decoder0~142   ; out0             ;
; |S_Array_Init|Decoder0~143   ; |S_Array_Init|Decoder0~143   ; out0             ;
; |S_Array_Init|Decoder0~144   ; |S_Array_Init|Decoder0~144   ; out0             ;
; |S_Array_Init|Decoder0~145   ; |S_Array_Init|Decoder0~145   ; out0             ;
; |S_Array_Init|Decoder0~146   ; |S_Array_Init|Decoder0~146   ; out0             ;
; |S_Array_Init|Decoder0~147   ; |S_Array_Init|Decoder0~147   ; out0             ;
; |S_Array_Init|Decoder0~148   ; |S_Array_Init|Decoder0~148   ; out0             ;
; |S_Array_Init|Decoder0~149   ; |S_Array_Init|Decoder0~149   ; out0             ;
; |S_Array_Init|Decoder0~150   ; |S_Array_Init|Decoder0~150   ; out0             ;
; |S_Array_Init|Decoder0~151   ; |S_Array_Init|Decoder0~151   ; out0             ;
; |S_Array_Init|Decoder0~152   ; |S_Array_Init|Decoder0~152   ; out0             ;
; |S_Array_Init|Decoder0~153   ; |S_Array_Init|Decoder0~153   ; out0             ;
; |S_Array_Init|Decoder0~154   ; |S_Array_Init|Decoder0~154   ; out0             ;
; |S_Array_Init|Decoder0~155   ; |S_Array_Init|Decoder0~155   ; out0             ;
; |S_Array_Init|Decoder0~156   ; |S_Array_Init|Decoder0~156   ; out0             ;
; |S_Array_Init|Decoder0~157   ; |S_Array_Init|Decoder0~157   ; out0             ;
; |S_Array_Init|Decoder0~158   ; |S_Array_Init|Decoder0~158   ; out0             ;
; |S_Array_Init|Decoder0~159   ; |S_Array_Init|Decoder0~159   ; out0             ;
; |S_Array_Init|Decoder0~160   ; |S_Array_Init|Decoder0~160   ; out0             ;
; |S_Array_Init|Decoder0~161   ; |S_Array_Init|Decoder0~161   ; out0             ;
; |S_Array_Init|Decoder0~162   ; |S_Array_Init|Decoder0~162   ; out0             ;
; |S_Array_Init|Decoder0~163   ; |S_Array_Init|Decoder0~163   ; out0             ;
; |S_Array_Init|Decoder0~164   ; |S_Array_Init|Decoder0~164   ; out0             ;
; |S_Array_Init|Decoder0~165   ; |S_Array_Init|Decoder0~165   ; out0             ;
; |S_Array_Init|Decoder0~166   ; |S_Array_Init|Decoder0~166   ; out0             ;
; |S_Array_Init|Decoder0~167   ; |S_Array_Init|Decoder0~167   ; out0             ;
; |S_Array_Init|Decoder0~168   ; |S_Array_Init|Decoder0~168   ; out0             ;
; |S_Array_Init|Decoder0~169   ; |S_Array_Init|Decoder0~169   ; out0             ;
; |S_Array_Init|Decoder0~170   ; |S_Array_Init|Decoder0~170   ; out0             ;
; |S_Array_Init|Decoder0~171   ; |S_Array_Init|Decoder0~171   ; out0             ;
; |S_Array_Init|Decoder0~172   ; |S_Array_Init|Decoder0~172   ; out0             ;
; |S_Array_Init|Decoder0~173   ; |S_Array_Init|Decoder0~173   ; out0             ;
; |S_Array_Init|Decoder0~174   ; |S_Array_Init|Decoder0~174   ; out0             ;
; |S_Array_Init|Decoder0~175   ; |S_Array_Init|Decoder0~175   ; out0             ;
; |S_Array_Init|Decoder0~176   ; |S_Array_Init|Decoder0~176   ; out0             ;
; |S_Array_Init|Decoder0~177   ; |S_Array_Init|Decoder0~177   ; out0             ;
; |S_Array_Init|Decoder0~178   ; |S_Array_Init|Decoder0~178   ; out0             ;
; |S_Array_Init|Decoder0~179   ; |S_Array_Init|Decoder0~179   ; out0             ;
; |S_Array_Init|Decoder0~180   ; |S_Array_Init|Decoder0~180   ; out0             ;
; |S_Array_Init|Decoder0~181   ; |S_Array_Init|Decoder0~181   ; out0             ;
; |S_Array_Init|Decoder0~182   ; |S_Array_Init|Decoder0~182   ; out0             ;
; |S_Array_Init|Decoder0~183   ; |S_Array_Init|Decoder0~183   ; out0             ;
; |S_Array_Init|Decoder0~184   ; |S_Array_Init|Decoder0~184   ; out0             ;
; |S_Array_Init|Decoder0~185   ; |S_Array_Init|Decoder0~185   ; out0             ;
; |S_Array_Init|Decoder0~186   ; |S_Array_Init|Decoder0~186   ; out0             ;
; |S_Array_Init|Decoder0~187   ; |S_Array_Init|Decoder0~187   ; out0             ;
; |S_Array_Init|Decoder0~188   ; |S_Array_Init|Decoder0~188   ; out0             ;
; |S_Array_Init|Decoder0~189   ; |S_Array_Init|Decoder0~189   ; out0             ;
; |S_Array_Init|Decoder0~190   ; |S_Array_Init|Decoder0~190   ; out0             ;
; |S_Array_Init|Decoder0~191   ; |S_Array_Init|Decoder0~191   ; out0             ;
; |S_Array_Init|Decoder0~192   ; |S_Array_Init|Decoder0~192   ; out0             ;
; |S_Array_Init|Decoder0~193   ; |S_Array_Init|Decoder0~193   ; out0             ;
; |S_Array_Init|Decoder0~194   ; |S_Array_Init|Decoder0~194   ; out0             ;
; |S_Array_Init|Decoder0~195   ; |S_Array_Init|Decoder0~195   ; out0             ;
; |S_Array_Init|Decoder0~196   ; |S_Array_Init|Decoder0~196   ; out0             ;
; |S_Array_Init|Decoder0~197   ; |S_Array_Init|Decoder0~197   ; out0             ;
; |S_Array_Init|Decoder0~198   ; |S_Array_Init|Decoder0~198   ; out0             ;
; |S_Array_Init|Decoder0~199   ; |S_Array_Init|Decoder0~199   ; out0             ;
; |S_Array_Init|Decoder0~200   ; |S_Array_Init|Decoder0~200   ; out0             ;
; |S_Array_Init|Decoder0~201   ; |S_Array_Init|Decoder0~201   ; out0             ;
; |S_Array_Init|Decoder0~202   ; |S_Array_Init|Decoder0~202   ; out0             ;
; |S_Array_Init|Decoder0~203   ; |S_Array_Init|Decoder0~203   ; out0             ;
; |S_Array_Init|Decoder0~204   ; |S_Array_Init|Decoder0~204   ; out0             ;
; |S_Array_Init|Decoder0~205   ; |S_Array_Init|Decoder0~205   ; out0             ;
; |S_Array_Init|Decoder0~206   ; |S_Array_Init|Decoder0~206   ; out0             ;
; |S_Array_Init|Decoder0~207   ; |S_Array_Init|Decoder0~207   ; out0             ;
; |S_Array_Init|Decoder0~208   ; |S_Array_Init|Decoder0~208   ; out0             ;
; |S_Array_Init|Decoder0~209   ; |S_Array_Init|Decoder0~209   ; out0             ;
; |S_Array_Init|Decoder0~210   ; |S_Array_Init|Decoder0~210   ; out0             ;
; |S_Array_Init|Decoder0~211   ; |S_Array_Init|Decoder0~211   ; out0             ;
; |S_Array_Init|Decoder0~212   ; |S_Array_Init|Decoder0~212   ; out0             ;
; |S_Array_Init|Decoder0~213   ; |S_Array_Init|Decoder0~213   ; out0             ;
; |S_Array_Init|Decoder0~214   ; |S_Array_Init|Decoder0~214   ; out0             ;
; |S_Array_Init|Decoder0~215   ; |S_Array_Init|Decoder0~215   ; out0             ;
; |S_Array_Init|Decoder0~216   ; |S_Array_Init|Decoder0~216   ; out0             ;
; |S_Array_Init|Decoder0~217   ; |S_Array_Init|Decoder0~217   ; out0             ;
; |S_Array_Init|Decoder0~218   ; |S_Array_Init|Decoder0~218   ; out0             ;
; |S_Array_Init|Decoder0~219   ; |S_Array_Init|Decoder0~219   ; out0             ;
; |S_Array_Init|Decoder0~220   ; |S_Array_Init|Decoder0~220   ; out0             ;
; |S_Array_Init|Decoder0~221   ; |S_Array_Init|Decoder0~221   ; out0             ;
; |S_Array_Init|Decoder0~222   ; |S_Array_Init|Decoder0~222   ; out0             ;
; |S_Array_Init|Decoder0~223   ; |S_Array_Init|Decoder0~223   ; out0             ;
; |S_Array_Init|Decoder0~224   ; |S_Array_Init|Decoder0~224   ; out0             ;
; |S_Array_Init|Decoder0~225   ; |S_Array_Init|Decoder0~225   ; out0             ;
; |S_Array_Init|Decoder0~226   ; |S_Array_Init|Decoder0~226   ; out0             ;
; |S_Array_Init|Decoder0~227   ; |S_Array_Init|Decoder0~227   ; out0             ;
; |S_Array_Init|Decoder0~228   ; |S_Array_Init|Decoder0~228   ; out0             ;
; |S_Array_Init|Decoder0~229   ; |S_Array_Init|Decoder0~229   ; out0             ;
; |S_Array_Init|Decoder0~230   ; |S_Array_Init|Decoder0~230   ; out0             ;
; |S_Array_Init|Decoder0~231   ; |S_Array_Init|Decoder0~231   ; out0             ;
; |S_Array_Init|Decoder0~232   ; |S_Array_Init|Decoder0~232   ; out0             ;
; |S_Array_Init|Decoder0~233   ; |S_Array_Init|Decoder0~233   ; out0             ;
; |S_Array_Init|Decoder0~234   ; |S_Array_Init|Decoder0~234   ; out0             ;
; |S_Array_Init|Decoder0~235   ; |S_Array_Init|Decoder0~235   ; out0             ;
; |S_Array_Init|Decoder0~236   ; |S_Array_Init|Decoder0~236   ; out0             ;
; |S_Array_Init|Decoder0~237   ; |S_Array_Init|Decoder0~237   ; out0             ;
; |S_Array_Init|Decoder0~238   ; |S_Array_Init|Decoder0~238   ; out0             ;
; |S_Array_Init|Decoder0~239   ; |S_Array_Init|Decoder0~239   ; out0             ;
; |S_Array_Init|Decoder0~240   ; |S_Array_Init|Decoder0~240   ; out0             ;
; |S_Array_Init|Decoder0~241   ; |S_Array_Init|Decoder0~241   ; out0             ;
; |S_Array_Init|Decoder0~242   ; |S_Array_Init|Decoder0~242   ; out0             ;
; |S_Array_Init|Decoder0~243   ; |S_Array_Init|Decoder0~243   ; out0             ;
; |S_Array_Init|Decoder0~244   ; |S_Array_Init|Decoder0~244   ; out0             ;
; |S_Array_Init|Decoder0~245   ; |S_Array_Init|Decoder0~245   ; out0             ;
; |S_Array_Init|Decoder0~246   ; |S_Array_Init|Decoder0~246   ; out0             ;
; |S_Array_Init|Decoder0~247   ; |S_Array_Init|Decoder0~247   ; out0             ;
; |S_Array_Init|Decoder0~248   ; |S_Array_Init|Decoder0~248   ; out0             ;
; |S_Array_Init|Decoder0~249   ; |S_Array_Init|Decoder0~249   ; out0             ;
; |S_Array_Init|Decoder0~250   ; |S_Array_Init|Decoder0~250   ; out0             ;
; |S_Array_Init|Decoder0~251   ; |S_Array_Init|Decoder0~251   ; out0             ;
; |S_Array_Init|Decoder0~252   ; |S_Array_Init|Decoder0~252   ; out0             ;
; |S_Array_Init|Decoder0~253   ; |S_Array_Init|Decoder0~253   ; out0             ;
; |S_Array_Init|Decoder0~254   ; |S_Array_Init|Decoder0~254   ; out0             ;
; |S_Array_Init|Decoder0~255   ; |S_Array_Init|Decoder0~255   ; out0             ;
; |S_Array_Init|Decoder0~257   ; |S_Array_Init|Decoder0~257   ; out              ;
; |S_Array_Init|Decoder0~258   ; |S_Array_Init|Decoder0~258   ; out              ;
; |S_Array_Init|Decoder0~260   ; |S_Array_Init|Decoder0~260   ; out              ;
; |S_Array_Init|Decoder0~261   ; |S_Array_Init|Decoder0~261   ; out              ;
; |S_Array_Init|Decoder0~262   ; |S_Array_Init|Decoder0~262   ; out              ;
; |S_Array_Init|Decoder0~263   ; |S_Array_Init|Decoder0~263   ; out              ;
; |S_Array_Init|Decoder0~264   ; |S_Array_Init|Decoder0~264   ; out              ;
; |S_Array_Init|Decoder0~265   ; |S_Array_Init|Decoder0~265   ; out              ;
; |S_Array_Init|Decoder0~266   ; |S_Array_Init|Decoder0~266   ; out              ;
; |S_Array_Init|Decoder0~267   ; |S_Array_Init|Decoder0~267   ; out              ;
; |S_Array_Init|Decoder0~268   ; |S_Array_Init|Decoder0~268   ; out              ;
; |S_Array_Init|Decoder0~269   ; |S_Array_Init|Decoder0~269   ; out              ;
; |S_Array_Init|Decoder0~270   ; |S_Array_Init|Decoder0~270   ; out              ;
; |S_Array_Init|Decoder0~271   ; |S_Array_Init|Decoder0~271   ; out              ;
; |S_Array_Init|Decoder0~272   ; |S_Array_Init|Decoder0~272   ; out              ;
; |S_Array_Init|Decoder0~274   ; |S_Array_Init|Decoder0~274   ; out              ;
; |S_Array_Init|Decoder0~275   ; |S_Array_Init|Decoder0~275   ; out              ;
; |S_Array_Init|Decoder0~276   ; |S_Array_Init|Decoder0~276   ; out              ;
; |S_Array_Init|Decoder0~277   ; |S_Array_Init|Decoder0~277   ; out              ;
; |S_Array_Init|Decoder0~278   ; |S_Array_Init|Decoder0~278   ; out              ;
; |S_Array_Init|Decoder0~279   ; |S_Array_Init|Decoder0~279   ; out              ;
; |S_Array_Init|Decoder0~280   ; |S_Array_Init|Decoder0~280   ; out              ;
; |S_Array_Init|Decoder0~281   ; |S_Array_Init|Decoder0~281   ; out              ;
; |S_Array_Init|Decoder0~282   ; |S_Array_Init|Decoder0~282   ; out              ;
; |S_Array_Init|Decoder0~283   ; |S_Array_Init|Decoder0~283   ; out              ;
; |S_Array_Init|Decoder0~284   ; |S_Array_Init|Decoder0~284   ; out              ;
; |S_Array_Init|Decoder0~285   ; |S_Array_Init|Decoder0~285   ; out              ;
; |S_Array_Init|Decoder0~286   ; |S_Array_Init|Decoder0~286   ; out              ;
; |S_Array_Init|Decoder0~287   ; |S_Array_Init|Decoder0~287   ; out              ;
; |S_Array_Init|Decoder0~288   ; |S_Array_Init|Decoder0~288   ; out              ;
; |S_Array_Init|Decoder0~290   ; |S_Array_Init|Decoder0~290   ; out              ;
; |S_Array_Init|Decoder0~291   ; |S_Array_Init|Decoder0~291   ; out              ;
; |S_Array_Init|Decoder0~292   ; |S_Array_Init|Decoder0~292   ; out              ;
; |S_Array_Init|Decoder0~293   ; |S_Array_Init|Decoder0~293   ; out              ;
; |S_Array_Init|Decoder0~294   ; |S_Array_Init|Decoder0~294   ; out              ;
; |S_Array_Init|Decoder0~295   ; |S_Array_Init|Decoder0~295   ; out              ;
; |S_Array_Init|Decoder0~296   ; |S_Array_Init|Decoder0~296   ; out              ;
; |S_Array_Init|Decoder0~297   ; |S_Array_Init|Decoder0~297   ; out              ;
; |S_Array_Init|Decoder0~298   ; |S_Array_Init|Decoder0~298   ; out              ;
; |S_Array_Init|Decoder0~299   ; |S_Array_Init|Decoder0~299   ; out              ;
; |S_Array_Init|Decoder0~300   ; |S_Array_Init|Decoder0~300   ; out              ;
; |S_Array_Init|Decoder0~301   ; |S_Array_Init|Decoder0~301   ; out              ;
; |S_Array_Init|Decoder0~302   ; |S_Array_Init|Decoder0~302   ; out              ;
; |S_Array_Init|Decoder0~303   ; |S_Array_Init|Decoder0~303   ; out              ;
; |S_Array_Init|Decoder0~304   ; |S_Array_Init|Decoder0~304   ; out              ;
; |S_Array_Init|Decoder0~305   ; |S_Array_Init|Decoder0~305   ; out              ;
; |S_Array_Init|Decoder0~306   ; |S_Array_Init|Decoder0~306   ; out              ;
; |S_Array_Init|Decoder0~307   ; |S_Array_Init|Decoder0~307   ; out              ;
; |S_Array_Init|Decoder0~308   ; |S_Array_Init|Decoder0~308   ; out              ;
; |S_Array_Init|Decoder0~309   ; |S_Array_Init|Decoder0~309   ; out              ;
; |S_Array_Init|Decoder0~310   ; |S_Array_Init|Decoder0~310   ; out              ;
; |S_Array_Init|Decoder0~311   ; |S_Array_Init|Decoder0~311   ; out              ;
; |S_Array_Init|Decoder0~312   ; |S_Array_Init|Decoder0~312   ; out              ;
; |S_Array_Init|Decoder0~313   ; |S_Array_Init|Decoder0~313   ; out              ;
; |S_Array_Init|Decoder0~314   ; |S_Array_Init|Decoder0~314   ; out              ;
; |S_Array_Init|Decoder0~315   ; |S_Array_Init|Decoder0~315   ; out              ;
; |S_Array_Init|Decoder0~316   ; |S_Array_Init|Decoder0~316   ; out              ;
; |S_Array_Init|Decoder0~317   ; |S_Array_Init|Decoder0~317   ; out              ;
; |S_Array_Init|Decoder0~318   ; |S_Array_Init|Decoder0~318   ; out              ;
; |S_Array_Init|Decoder0~319   ; |S_Array_Init|Decoder0~319   ; out              ;
+------------------------------+------------------------------+------------------+


The following table displays output ports that do not toggle to 0 during simulation.
+--------------------------------------------------------------------------------+
; Missing 0-Value Coverage                                                       ;
+------------------------------+------------------------------+------------------+
; Node Name                    ; Output Port Name             ; Output Port Type ;
+------------------------------+------------------------------+------------------+
; |S_Array_Init|init_counter~0 ; |S_Array_Init|init_counter~0 ; out              ;
; |S_Array_Init|init_counter~1 ; |S_Array_Init|init_counter~1 ; out              ;
; |S_Array_Init|init_counter~2 ; |S_Array_Init|init_counter~2 ; out              ;
; |S_Array_Init|init_counter~3 ; |S_Array_Init|init_counter~3 ; out              ;
; |S_Array_Init|init_counter~4 ; |S_Array_Init|init_counter~4 ; out              ;
; |S_Array_Init|init_counter~5 ; |S_Array_Init|init_counter~5 ; out              ;
; |S_Array_Init|init_counter~6 ; |S_Array_Init|init_counter~6 ; out              ;
; |S_Array_Init|init_counter~7 ; |S_Array_Init|init_counter~7 ; out              ;
; |S_Array_Init|addr_out~0     ; |S_Array_Init|addr_out~0     ; out              ;
; |S_Array_Init|addr_out~1     ; |S_Array_Init|addr_out~1     ; out              ;
; |S_Array_Init|addr_out~2     ; |S_Array_Init|addr_out~2     ; out              ;
; |S_Array_Init|addr_out~3     ; |S_Array_Init|addr_out~3     ; out              ;
; |S_Array_Init|addr_out~4     ; |S_Array_Init|addr_out~4     ; out              ;
; |S_Array_Init|addr_out~5     ; |S_Array_Init|addr_out~5     ; out              ;
; |S_Array_Init|addr_out~6     ; |S_Array_Init|addr_out~6     ; out              ;
; |S_Array_Init|addr_out~7     ; |S_Array_Init|addr_out~7     ; out              ;
; |S_Array_Init|wr_data_out~0  ; |S_Array_Init|wr_data_out~0  ; out              ;
; |S_Array_Init|wr_data_out~1  ; |S_Array_Init|wr_data_out~1  ; out              ;
; |S_Array_Init|wr_data_out~2  ; |S_Array_Init|wr_data_out~2  ; out              ;
; |S_Array_Init|wr_data_out~3  ; |S_Array_Init|wr_data_out~3  ; out              ;
; |S_Array_Init|wr_data_out~4  ; |S_Array_Init|wr_data_out~4  ; out              ;
; |S_Array_Init|wr_data_out~5  ; |S_Array_Init|wr_data_out~5  ; out              ;
; |S_Array_Init|wr_data_out~6  ; |S_Array_Init|wr_data_out~6  ; out              ;
; |S_Array_Init|wr_data_out~7  ; |S_Array_Init|wr_data_out~7  ; out              ;
; |S_Array_Init|wr_start~0     ; |S_Array_Init|wr_start~0     ; out              ;
; |S_Array_Init|state~0        ; |S_Array_Init|state~0        ; out              ;
; |S_Array_Init|state~2        ; |S_Array_Init|state~2        ; out              ;
; |S_Array_Init|state~4        ; |S_Array_Init|state~4        ; out              ;
; |S_Array_Init|state~5        ; |S_Array_Init|state~5        ; out              ;
; |S_Array_Init|state~7        ; |S_Array_Init|state~7        ; out              ;
; |S_Array_Init|state~8        ; |S_Array_Init|state~8        ; out              ;
; |S_Array_Init|state~10       ; |S_Array_Init|state~10       ; out              ;
; |S_Array_Init|state~11       ; |S_Array_Init|state~11       ; out              ;
; |S_Array_Init|state~13       ; |S_Array_Init|state~13       ; out              ;
; |S_Array_Init|state~17       ; |S_Array_Init|state~17       ; out              ;
; |S_Array_Init|state~18       ; |S_Array_Init|state~18       ; out              ;
; |S_Array_Init|state[2]       ; |S_Array_Init|state[2]       ; regout           ;
; |S_Array_Init|state[3]       ; |S_Array_Init|state[3]       ; regout           ;
; |S_Array_Init|state[7]       ; |S_Array_Init|state[7]       ; regout           ;
; |S_Array_Init|nreset         ; |S_Array_Init|nreset         ; out              ;
; |S_Array_Init|start          ; |S_Array_Init|start          ; out              ;
; |S_Array_Init|wr_done        ; |S_Array_Init|wr_done        ; out              ;
; |S_Array_Init|rd_start       ; |S_Array_Init|rd_start       ; pin_out          ;
; |S_Array_Init|Selector0~1    ; |S_Array_Init|Selector0~1    ; out0             ;
; |S_Array_Init|Selector27~3   ; |S_Array_Init|Selector27~3   ; out0             ;
; |S_Array_Init|Decoder0~1     ; |S_Array_Init|Decoder0~1     ; out0             ;
; |S_Array_Init|Decoder0~2     ; |S_Array_Init|Decoder0~2     ; out0             ;
; |S_Array_Init|Decoder0~3     ; |S_Array_Init|Decoder0~3     ; out0             ;
; |S_Array_Init|Decoder0~4     ; |S_Array_Init|Decoder0~4     ; out0             ;
; |S_Array_Init|Decoder0~5     ; |S_Array_Init|Decoder0~5     ; out0             ;
; |S_Array_Init|Decoder0~6     ; |S_Array_Init|Decoder0~6     ; out0             ;
; |S_Array_Init|Decoder0~7     ; |S_Array_Init|Decoder0~7     ; out0             ;
; |S_Array_Init|Decoder0~8     ; |S_Array_Init|Decoder0~8     ; out0             ;
; |S_Array_Init|Decoder0~9     ; |S_Array_Init|Decoder0~9     ; out0             ;
; |S_Array_Init|Decoder0~10    ; |S_Array_Init|Decoder0~10    ; out0             ;
; |S_Array_Init|Decoder0~11    ; |S_Array_Init|Decoder0~11    ; out0             ;
; |S_Array_Init|Decoder0~12    ; |S_Array_Init|Decoder0~12    ; out0             ;
; |S_Array_Init|Decoder0~13    ; |S_Array_Init|Decoder0~13    ; out0             ;
; |S_Array_Init|Decoder0~14    ; |S_Array_Init|Decoder0~14    ; out0             ;
; |S_Array_Init|Decoder0~15    ; |S_Array_Init|Decoder0~15    ; out0             ;
; |S_Array_Init|Decoder0~16    ; |S_Array_Init|Decoder0~16    ; out0             ;
; |S_Array_Init|Decoder0~18    ; |S_Array_Init|Decoder0~18    ; out0             ;
; |S_Array_Init|Decoder0~19    ; |S_Array_Init|Decoder0~19    ; out0             ;
; |S_Array_Init|Decoder0~20    ; |S_Array_Init|Decoder0~20    ; out0             ;
; |S_Array_Init|Decoder0~21    ; |S_Array_Init|Decoder0~21    ; out0             ;
; |S_Array_Init|Decoder0~22    ; |S_Array_Init|Decoder0~22    ; out0             ;
; |S_Array_Init|Decoder0~23    ; |S_Array_Init|Decoder0~23    ; out0             ;
; |S_Array_Init|Decoder0~24    ; |S_Array_Init|Decoder0~24    ; out0             ;
; |S_Array_Init|Decoder0~25    ; |S_Array_Init|Decoder0~25    ; out0             ;
; |S_Array_Init|Decoder0~26    ; |S_Array_Init|Decoder0~26    ; out0             ;
; |S_Array_Init|Decoder0~27    ; |S_Array_Init|Decoder0~27    ; out0             ;
; |S_Array_Init|Decoder0~28    ; |S_Array_Init|Decoder0~28    ; out0             ;
; |S_Array_Init|Decoder0~29    ; |S_Array_Init|Decoder0~29    ; out0             ;
; |S_Array_Init|Decoder0~30    ; |S_Array_Init|Decoder0~30    ; out0             ;
; |S_Array_Init|Decoder0~31    ; |S_Array_Init|Decoder0~31    ; out0             ;
; |S_Array_Init|Decoder0~32    ; |S_Array_Init|Decoder0~32    ; out0             ;
; |S_Array_Init|Decoder0~34    ; |S_Array_Init|Decoder0~34    ; out0             ;
; |S_Array_Init|Decoder0~35    ; |S_Array_Init|Decoder0~35    ; out0             ;
; |S_Array_Init|Decoder0~36    ; |S_Array_Init|Decoder0~36    ; out0             ;
; |S_Array_Init|Decoder0~37    ; |S_Array_Init|Decoder0~37    ; out0             ;
; |S_Array_Init|Decoder0~38    ; |S_Array_Init|Decoder0~38    ; out0             ;
; |S_Array_Init|Decoder0~39    ; |S_Array_Init|Decoder0~39    ; out0             ;
; |S_Array_Init|Decoder0~40    ; |S_Array_Init|Decoder0~40    ; out0             ;
; |S_Array_Init|Decoder0~41    ; |S_Array_Init|Decoder0~41    ; out0             ;
; |S_Array_Init|Decoder0~42    ; |S_Array_Init|Decoder0~42    ; out0             ;
; |S_Array_Init|Decoder0~43    ; |S_Array_Init|Decoder0~43    ; out0             ;
; |S_Array_Init|Decoder0~44    ; |S_Array_Init|Decoder0~44    ; out0             ;
; |S_Array_Init|Decoder0~45    ; |S_Array_Init|Decoder0~45    ; out0             ;
; |S_Array_Init|Decoder0~46    ; |S_Array_Init|Decoder0~46    ; out0             ;
; |S_Array_Init|Decoder0~47    ; |S_Array_Init|Decoder0~47    ; out0             ;
; |S_Array_Init|Decoder0~48    ; |S_Array_Init|Decoder0~48    ; out0             ;
; |S_Array_Init|Decoder0~49    ; |S_Array_Init|Decoder0~49    ; out0             ;
; |S_Array_Init|Decoder0~50    ; |S_Array_Init|Decoder0~50    ; out0             ;
; |S_Array_Init|Decoder0~51    ; |S_Array_Init|Decoder0~51    ; out0             ;
; |S_Array_Init|Decoder0~52    ; |S_Array_Init|Decoder0~52    ; out0             ;
; |S_Array_Init|Decoder0~53    ; |S_Array_Init|Decoder0~53    ; out0             ;
; |S_Array_Init|Decoder0~54    ; |S_Array_Init|Decoder0~54    ; out0             ;
; |S_Array_Init|Decoder0~55    ; |S_Array_Init|Decoder0~55    ; out0             ;
; |S_Array_Init|Decoder0~56    ; |S_Array_Init|Decoder0~56    ; out0             ;
; |S_Array_Init|Decoder0~57    ; |S_Array_Init|Decoder0~57    ; out0             ;
; |S_Array_Init|Decoder0~58    ; |S_Array_Init|Decoder0~58    ; out0             ;
; |S_Array_Init|Decoder0~59    ; |S_Array_Init|Decoder0~59    ; out0             ;
; |S_Array_Init|Decoder0~60    ; |S_Array_Init|Decoder0~60    ; out0             ;
; |S_Array_Init|Decoder0~61    ; |S_Array_Init|Decoder0~61    ; out0             ;
; |S_Array_Init|Decoder0~62    ; |S_Array_Init|Decoder0~62    ; out0             ;
; |S_Array_Init|Decoder0~63    ; |S_Array_Init|Decoder0~63    ; out0             ;
; |S_Array_Init|Decoder0~64    ; |S_Array_Init|Decoder0~64    ; out0             ;
; |S_Array_Init|Decoder0~65    ; |S_Array_Init|Decoder0~65    ; out0             ;
; |S_Array_Init|Decoder0~66    ; |S_Array_Init|Decoder0~66    ; out0             ;
; |S_Array_Init|Decoder0~68    ; |S_Array_Init|Decoder0~68    ; out0             ;
; |S_Array_Init|Decoder0~69    ; |S_Array_Init|Decoder0~69    ; out0             ;
; |S_Array_Init|Decoder0~70    ; |S_Array_Init|Decoder0~70    ; out0             ;
; |S_Array_Init|Decoder0~71    ; |S_Array_Init|Decoder0~71    ; out0             ;
; |S_Array_Init|Decoder0~72    ; |S_Array_Init|Decoder0~72    ; out0             ;
; |S_Array_Init|Decoder0~73    ; |S_Array_Init|Decoder0~73    ; out0             ;
; |S_Array_Init|Decoder0~74    ; |S_Array_Init|Decoder0~74    ; out0             ;
; |S_Array_Init|Decoder0~75    ; |S_Array_Init|Decoder0~75    ; out0             ;
; |S_Array_Init|Decoder0~76    ; |S_Array_Init|Decoder0~76    ; out0             ;
; |S_Array_Init|Decoder0~77    ; |S_Array_Init|Decoder0~77    ; out0             ;
; |S_Array_Init|Decoder0~78    ; |S_Array_Init|Decoder0~78    ; out0             ;
; |S_Array_Init|Decoder0~79    ; |S_Array_Init|Decoder0~79    ; out0             ;
; |S_Array_Init|Decoder0~80    ; |S_Array_Init|Decoder0~80    ; out0             ;
; |S_Array_Init|Decoder0~81    ; |S_Array_Init|Decoder0~81    ; out0             ;
; |S_Array_Init|Decoder0~82    ; |S_Array_Init|Decoder0~82    ; out0             ;
; |S_Array_Init|Decoder0~83    ; |S_Array_Init|Decoder0~83    ; out0             ;
; |S_Array_Init|Decoder0~84    ; |S_Array_Init|Decoder0~84    ; out0             ;
; |S_Array_Init|Decoder0~85    ; |S_Array_Init|Decoder0~85    ; out0             ;
; |S_Array_Init|Decoder0~86    ; |S_Array_Init|Decoder0~86    ; out0             ;
; |S_Array_Init|Decoder0~87    ; |S_Array_Init|Decoder0~87    ; out0             ;
; |S_Array_Init|Decoder0~88    ; |S_Array_Init|Decoder0~88    ; out0             ;
; |S_Array_Init|Decoder0~89    ; |S_Array_Init|Decoder0~89    ; out0             ;
; |S_Array_Init|Decoder0~90    ; |S_Array_Init|Decoder0~90    ; out0             ;
; |S_Array_Init|Decoder0~91    ; |S_Array_Init|Decoder0~91    ; out0             ;
; |S_Array_Init|Decoder0~92    ; |S_Array_Init|Decoder0~92    ; out0             ;
; |S_Array_Init|Decoder0~93    ; |S_Array_Init|Decoder0~93    ; out0             ;
; |S_Array_Init|Decoder0~94    ; |S_Array_Init|Decoder0~94    ; out0             ;
; |S_Array_Init|Decoder0~95    ; |S_Array_Init|Decoder0~95    ; out0             ;
; |S_Array_Init|Decoder0~96    ; |S_Array_Init|Decoder0~96    ; out0             ;
; |S_Array_Init|Decoder0~97    ; |S_Array_Init|Decoder0~97    ; out0             ;
; |S_Array_Init|Decoder0~98    ; |S_Array_Init|Decoder0~98    ; out0             ;
; |S_Array_Init|Decoder0~99    ; |S_Array_Init|Decoder0~99    ; out0             ;
; |S_Array_Init|Decoder0~100   ; |S_Array_Init|Decoder0~100   ; out0             ;
; |S_Array_Init|Decoder0~101   ; |S_Array_Init|Decoder0~101   ; out0             ;
; |S_Array_Init|Decoder0~102   ; |S_Array_Init|Decoder0~102   ; out0             ;
; |S_Array_Init|Decoder0~103   ; |S_Array_Init|Decoder0~103   ; out0             ;
; |S_Array_Init|Decoder0~104   ; |S_Array_Init|Decoder0~104   ; out0             ;
; |S_Array_Init|Decoder0~105   ; |S_Array_Init|Decoder0~105   ; out0             ;
; |S_Array_Init|Decoder0~106   ; |S_Array_Init|Decoder0~106   ; out0             ;
; |S_Array_Init|Decoder0~107   ; |S_Array_Init|Decoder0~107   ; out0             ;
; |S_Array_Init|Decoder0~108   ; |S_Array_Init|Decoder0~108   ; out0             ;
; |S_Array_Init|Decoder0~109   ; |S_Array_Init|Decoder0~109   ; out0             ;
; |S_Array_Init|Decoder0~110   ; |S_Array_Init|Decoder0~110   ; out0             ;
; |S_Array_Init|Decoder0~111   ; |S_Array_Init|Decoder0~111   ; out0             ;
; |S_Array_Init|Decoder0~112   ; |S_Array_Init|Decoder0~112   ; out0             ;
; |S_Array_Init|Decoder0~113   ; |S_Array_Init|Decoder0~113   ; out0             ;
; |S_Array_Init|Decoder0~114   ; |S_Array_Init|Decoder0~114   ; out0             ;
; |S_Array_Init|Decoder0~115   ; |S_Array_Init|Decoder0~115   ; out0             ;
; |S_Array_Init|Decoder0~116   ; |S_Array_Init|Decoder0~116   ; out0             ;
; |S_Array_Init|Decoder0~117   ; |S_Array_Init|Decoder0~117   ; out0             ;
; |S_Array_Init|Decoder0~118   ; |S_Array_Init|Decoder0~118   ; out0             ;
; |S_Array_Init|Decoder0~119   ; |S_Array_Init|Decoder0~119   ; out0             ;
; |S_Array_Init|Decoder0~120   ; |S_Array_Init|Decoder0~120   ; out0             ;
; |S_Array_Init|Decoder0~121   ; |S_Array_Init|Decoder0~121   ; out0             ;
; |S_Array_Init|Decoder0~122   ; |S_Array_Init|Decoder0~122   ; out0             ;
; |S_Array_Init|Decoder0~123   ; |S_Array_Init|Decoder0~123   ; out0             ;
; |S_Array_Init|Decoder0~124   ; |S_Array_Init|Decoder0~124   ; out0             ;
; |S_Array_Init|Decoder0~125   ; |S_Array_Init|Decoder0~125   ; out0             ;
; |S_Array_Init|Decoder0~126   ; |S_Array_Init|Decoder0~126   ; out0             ;
; |S_Array_Init|Decoder0~127   ; |S_Array_Init|Decoder0~127   ; out0             ;
; |S_Array_Init|Decoder0~128   ; |S_Array_Init|Decoder0~128   ; out0             ;
; |S_Array_Init|Decoder0~129   ; |S_Array_Init|Decoder0~129   ; out0             ;
; |S_Array_Init|Decoder0~130   ; |S_Array_Init|Decoder0~130   ; out0             ;
; |S_Array_Init|Decoder0~131   ; |S_Array_Init|Decoder0~131   ; out0             ;
; |S_Array_Init|Decoder0~132   ; |S_Array_Init|Decoder0~132   ; out0             ;
; |S_Array_Init|Decoder0~133   ; |S_Array_Init|Decoder0~133   ; out0             ;
; |S_Array_Init|Decoder0~134   ; |S_Array_Init|Decoder0~134   ; out0             ;
; |S_Array_Init|Decoder0~135   ; |S_Array_Init|Decoder0~135   ; out0             ;
; |S_Array_Init|Decoder0~136   ; |S_Array_Init|Decoder0~136   ; out0             ;
; |S_Array_Init|Decoder0~137   ; |S_Array_Init|Decoder0~137   ; out0             ;
; |S_Array_Init|Decoder0~138   ; |S_Array_Init|Decoder0~138   ; out0             ;
; |S_Array_Init|Decoder0~139   ; |S_Array_Init|Decoder0~139   ; out0             ;
; |S_Array_Init|Decoder0~140   ; |S_Array_Init|Decoder0~140   ; out0             ;
; |S_Array_Init|Decoder0~141   ; |S_Array_Init|Decoder0~141   ; out0             ;
; |S_Array_Init|Decoder0~142   ; |S_Array_Init|Decoder0~142   ; out0             ;
; |S_Array_Init|Decoder0~143   ; |S_Array_Init|Decoder0~143   ; out0             ;
; |S_Array_Init|Decoder0~144   ; |S_Array_Init|Decoder0~144   ; out0             ;
; |S_Array_Init|Decoder0~145   ; |S_Array_Init|Decoder0~145   ; out0             ;
; |S_Array_Init|Decoder0~146   ; |S_Array_Init|Decoder0~146   ; out0             ;
; |S_Array_Init|Decoder0~147   ; |S_Array_Init|Decoder0~147   ; out0             ;
; |S_Array_Init|Decoder0~148   ; |S_Array_Init|Decoder0~148   ; out0             ;
; |S_Array_Init|Decoder0~149   ; |S_Array_Init|Decoder0~149   ; out0             ;
; |S_Array_Init|Decoder0~150   ; |S_Array_Init|Decoder0~150   ; out0             ;
; |S_Array_Init|Decoder0~151   ; |S_Array_Init|Decoder0~151   ; out0             ;
; |S_Array_Init|Decoder0~152   ; |S_Array_Init|Decoder0~152   ; out0             ;
; |S_Array_Init|Decoder0~153   ; |S_Array_Init|Decoder0~153   ; out0             ;
; |S_Array_Init|Decoder0~154   ; |S_Array_Init|Decoder0~154   ; out0             ;
; |S_Array_Init|Decoder0~155   ; |S_Array_Init|Decoder0~155   ; out0             ;
; |S_Array_Init|Decoder0~156   ; |S_Array_Init|Decoder0~156   ; out0             ;
; |S_Array_Init|Decoder0~157   ; |S_Array_Init|Decoder0~157   ; out0             ;
; |S_Array_Init|Decoder0~158   ; |S_Array_Init|Decoder0~158   ; out0             ;
; |S_Array_Init|Decoder0~159   ; |S_Array_Init|Decoder0~159   ; out0             ;
; |S_Array_Init|Decoder0~160   ; |S_Array_Init|Decoder0~160   ; out0             ;
; |S_Array_Init|Decoder0~161   ; |S_Array_Init|Decoder0~161   ; out0             ;
; |S_Array_Init|Decoder0~162   ; |S_Array_Init|Decoder0~162   ; out0             ;
; |S_Array_Init|Decoder0~163   ; |S_Array_Init|Decoder0~163   ; out0             ;
; |S_Array_Init|Decoder0~164   ; |S_Array_Init|Decoder0~164   ; out0             ;
; |S_Array_Init|Decoder0~165   ; |S_Array_Init|Decoder0~165   ; out0             ;
; |S_Array_Init|Decoder0~166   ; |S_Array_Init|Decoder0~166   ; out0             ;
; |S_Array_Init|Decoder0~167   ; |S_Array_Init|Decoder0~167   ; out0             ;
; |S_Array_Init|Decoder0~168   ; |S_Array_Init|Decoder0~168   ; out0             ;
; |S_Array_Init|Decoder0~169   ; |S_Array_Init|Decoder0~169   ; out0             ;
; |S_Array_Init|Decoder0~170   ; |S_Array_Init|Decoder0~170   ; out0             ;
; |S_Array_Init|Decoder0~171   ; |S_Array_Init|Decoder0~171   ; out0             ;
; |S_Array_Init|Decoder0~172   ; |S_Array_Init|Decoder0~172   ; out0             ;
; |S_Array_Init|Decoder0~173   ; |S_Array_Init|Decoder0~173   ; out0             ;
; |S_Array_Init|Decoder0~174   ; |S_Array_Init|Decoder0~174   ; out0             ;
; |S_Array_Init|Decoder0~175   ; |S_Array_Init|Decoder0~175   ; out0             ;
; |S_Array_Init|Decoder0~176   ; |S_Array_Init|Decoder0~176   ; out0             ;
; |S_Array_Init|Decoder0~177   ; |S_Array_Init|Decoder0~177   ; out0             ;
; |S_Array_Init|Decoder0~178   ; |S_Array_Init|Decoder0~178   ; out0             ;
; |S_Array_Init|Decoder0~179   ; |S_Array_Init|Decoder0~179   ; out0             ;
; |S_Array_Init|Decoder0~180   ; |S_Array_Init|Decoder0~180   ; out0             ;
; |S_Array_Init|Decoder0~181   ; |S_Array_Init|Decoder0~181   ; out0             ;
; |S_Array_Init|Decoder0~182   ; |S_Array_Init|Decoder0~182   ; out0             ;
; |S_Array_Init|Decoder0~183   ; |S_Array_Init|Decoder0~183   ; out0             ;
; |S_Array_Init|Decoder0~184   ; |S_Array_Init|Decoder0~184   ; out0             ;
; |S_Array_Init|Decoder0~185   ; |S_Array_Init|Decoder0~185   ; out0             ;
; |S_Array_Init|Decoder0~186   ; |S_Array_Init|Decoder0~186   ; out0             ;
; |S_Array_Init|Decoder0~187   ; |S_Array_Init|Decoder0~187   ; out0             ;
; |S_Array_Init|Decoder0~188   ; |S_Array_Init|Decoder0~188   ; out0             ;
; |S_Array_Init|Decoder0~189   ; |S_Array_Init|Decoder0~189   ; out0             ;
; |S_Array_Init|Decoder0~190   ; |S_Array_Init|Decoder0~190   ; out0             ;
; |S_Array_Init|Decoder0~191   ; |S_Array_Init|Decoder0~191   ; out0             ;
; |S_Array_Init|Decoder0~192   ; |S_Array_Init|Decoder0~192   ; out0             ;
; |S_Array_Init|Decoder0~193   ; |S_Array_Init|Decoder0~193   ; out0             ;
; |S_Array_Init|Decoder0~194   ; |S_Array_Init|Decoder0~194   ; out0             ;
; |S_Array_Init|Decoder0~195   ; |S_Array_Init|Decoder0~195   ; out0             ;
; |S_Array_Init|Decoder0~196   ; |S_Array_Init|Decoder0~196   ; out0             ;
; |S_Array_Init|Decoder0~197   ; |S_Array_Init|Decoder0~197   ; out0             ;
; |S_Array_Init|Decoder0~198   ; |S_Array_Init|Decoder0~198   ; out0             ;
; |S_Array_Init|Decoder0~199   ; |S_Array_Init|Decoder0~199   ; out0             ;
; |S_Array_Init|Decoder0~200   ; |S_Array_Init|Decoder0~200   ; out0             ;
; |S_Array_Init|Decoder0~201   ; |S_Array_Init|Decoder0~201   ; out0             ;
; |S_Array_Init|Decoder0~202   ; |S_Array_Init|Decoder0~202   ; out0             ;
; |S_Array_Init|Decoder0~203   ; |S_Array_Init|Decoder0~203   ; out0             ;
; |S_Array_Init|Decoder0~204   ; |S_Array_Init|Decoder0~204   ; out0             ;
; |S_Array_Init|Decoder0~205   ; |S_Array_Init|Decoder0~205   ; out0             ;
; |S_Array_Init|Decoder0~206   ; |S_Array_Init|Decoder0~206   ; out0             ;
; |S_Array_Init|Decoder0~207   ; |S_Array_Init|Decoder0~207   ; out0             ;
; |S_Array_Init|Decoder0~208   ; |S_Array_Init|Decoder0~208   ; out0             ;
; |S_Array_Init|Decoder0~209   ; |S_Array_Init|Decoder0~209   ; out0             ;
; |S_Array_Init|Decoder0~210   ; |S_Array_Init|Decoder0~210   ; out0             ;
; |S_Array_Init|Decoder0~211   ; |S_Array_Init|Decoder0~211   ; out0             ;
; |S_Array_Init|Decoder0~212   ; |S_Array_Init|Decoder0~212   ; out0             ;
; |S_Array_Init|Decoder0~213   ; |S_Array_Init|Decoder0~213   ; out0             ;
; |S_Array_Init|Decoder0~214   ; |S_Array_Init|Decoder0~214   ; out0             ;
; |S_Array_Init|Decoder0~215   ; |S_Array_Init|Decoder0~215   ; out0             ;
; |S_Array_Init|Decoder0~216   ; |S_Array_Init|Decoder0~216   ; out0             ;
; |S_Array_Init|Decoder0~217   ; |S_Array_Init|Decoder0~217   ; out0             ;
; |S_Array_Init|Decoder0~218   ; |S_Array_Init|Decoder0~218   ; out0             ;
; |S_Array_Init|Decoder0~219   ; |S_Array_Init|Decoder0~219   ; out0             ;
; |S_Array_Init|Decoder0~220   ; |S_Array_Init|Decoder0~220   ; out0             ;
; |S_Array_Init|Decoder0~221   ; |S_Array_Init|Decoder0~221   ; out0             ;
; |S_Array_Init|Decoder0~222   ; |S_Array_Init|Decoder0~222   ; out0             ;
; |S_Array_Init|Decoder0~223   ; |S_Array_Init|Decoder0~223   ; out0             ;
; |S_Array_Init|Decoder0~224   ; |S_Array_Init|Decoder0~224   ; out0             ;
; |S_Array_Init|Decoder0~225   ; |S_Array_Init|Decoder0~225   ; out0             ;
; |S_Array_Init|Decoder0~226   ; |S_Array_Init|Decoder0~226   ; out0             ;
; |S_Array_Init|Decoder0~227   ; |S_Array_Init|Decoder0~227   ; out0             ;
; |S_Array_Init|Decoder0~228   ; |S_Array_Init|Decoder0~228   ; out0             ;
; |S_Array_Init|Decoder0~229   ; |S_Array_Init|Decoder0~229   ; out0             ;
; |S_Array_Init|Decoder0~230   ; |S_Array_Init|Decoder0~230   ; out0             ;
; |S_Array_Init|Decoder0~231   ; |S_Array_Init|Decoder0~231   ; out0             ;
; |S_Array_Init|Decoder0~232   ; |S_Array_Init|Decoder0~232   ; out0             ;
; |S_Array_Init|Decoder0~233   ; |S_Array_Init|Decoder0~233   ; out0             ;
; |S_Array_Init|Decoder0~234   ; |S_Array_Init|Decoder0~234   ; out0             ;
; |S_Array_Init|Decoder0~235   ; |S_Array_Init|Decoder0~235   ; out0             ;
; |S_Array_Init|Decoder0~236   ; |S_Array_Init|Decoder0~236   ; out0             ;
; |S_Array_Init|Decoder0~237   ; |S_Array_Init|Decoder0~237   ; out0             ;
; |S_Array_Init|Decoder0~238   ; |S_Array_Init|Decoder0~238   ; out0             ;
; |S_Array_Init|Decoder0~239   ; |S_Array_Init|Decoder0~239   ; out0             ;
; |S_Array_Init|Decoder0~240   ; |S_Array_Init|Decoder0~240   ; out0             ;
; |S_Array_Init|Decoder0~241   ; |S_Array_Init|Decoder0~241   ; out0             ;
; |S_Array_Init|Decoder0~242   ; |S_Array_Init|Decoder0~242   ; out0             ;
; |S_Array_Init|Decoder0~243   ; |S_Array_Init|Decoder0~243   ; out0             ;
; |S_Array_Init|Decoder0~244   ; |S_Array_Init|Decoder0~244   ; out0             ;
; |S_Array_Init|Decoder0~245   ; |S_Array_Init|Decoder0~245   ; out0             ;
; |S_Array_Init|Decoder0~246   ; |S_Array_Init|Decoder0~246   ; out0             ;
; |S_Array_Init|Decoder0~247   ; |S_Array_Init|Decoder0~247   ; out0             ;
; |S_Array_Init|Decoder0~248   ; |S_Array_Init|Decoder0~248   ; out0             ;
; |S_Array_Init|Decoder0~249   ; |S_Array_Init|Decoder0~249   ; out0             ;
; |S_Array_Init|Decoder0~250   ; |S_Array_Init|Decoder0~250   ; out0             ;
; |S_Array_Init|Decoder0~251   ; |S_Array_Init|Decoder0~251   ; out0             ;
; |S_Array_Init|Decoder0~252   ; |S_Array_Init|Decoder0~252   ; out0             ;
; |S_Array_Init|Decoder0~253   ; |S_Array_Init|Decoder0~253   ; out0             ;
; |S_Array_Init|Decoder0~254   ; |S_Array_Init|Decoder0~254   ; out0             ;
; |S_Array_Init|Decoder0~255   ; |S_Array_Init|Decoder0~255   ; out0             ;
; |S_Array_Init|Decoder0~257   ; |S_Array_Init|Decoder0~257   ; out              ;
; |S_Array_Init|Decoder0~258   ; |S_Array_Init|Decoder0~258   ; out              ;
; |S_Array_Init|Decoder0~260   ; |S_Array_Init|Decoder0~260   ; out              ;
; |S_Array_Init|Decoder0~261   ; |S_Array_Init|Decoder0~261   ; out              ;
; |S_Array_Init|Decoder0~262   ; |S_Array_Init|Decoder0~262   ; out              ;
; |S_Array_Init|Decoder0~263   ; |S_Array_Init|Decoder0~263   ; out              ;
; |S_Array_Init|Decoder0~264   ; |S_Array_Init|Decoder0~264   ; out              ;
; |S_Array_Init|Decoder0~265   ; |S_Array_Init|Decoder0~265   ; out              ;
; |S_Array_Init|Decoder0~266   ; |S_Array_Init|Decoder0~266   ; out              ;
; |S_Array_Init|Decoder0~267   ; |S_Array_Init|Decoder0~267   ; out              ;
; |S_Array_Init|Decoder0~268   ; |S_Array_Init|Decoder0~268   ; out              ;
; |S_Array_Init|Decoder0~269   ; |S_Array_Init|Decoder0~269   ; out              ;
; |S_Array_Init|Decoder0~270   ; |S_Array_Init|Decoder0~270   ; out              ;
; |S_Array_Init|Decoder0~271   ; |S_Array_Init|Decoder0~271   ; out              ;
; |S_Array_Init|Decoder0~272   ; |S_Array_Init|Decoder0~272   ; out              ;
; |S_Array_Init|Decoder0~274   ; |S_Array_Init|Decoder0~274   ; out              ;
; |S_Array_Init|Decoder0~275   ; |S_Array_Init|Decoder0~275   ; out              ;
; |S_Array_Init|Decoder0~276   ; |S_Array_Init|Decoder0~276   ; out              ;
; |S_Array_Init|Decoder0~277   ; |S_Array_Init|Decoder0~277   ; out              ;
; |S_Array_Init|Decoder0~278   ; |S_Array_Init|Decoder0~278   ; out              ;
; |S_Array_Init|Decoder0~279   ; |S_Array_Init|Decoder0~279   ; out              ;
; |S_Array_Init|Decoder0~280   ; |S_Array_Init|Decoder0~280   ; out              ;
; |S_Array_Init|Decoder0~281   ; |S_Array_Init|Decoder0~281   ; out              ;
; |S_Array_Init|Decoder0~282   ; |S_Array_Init|Decoder0~282   ; out              ;
; |S_Array_Init|Decoder0~283   ; |S_Array_Init|Decoder0~283   ; out              ;
; |S_Array_Init|Decoder0~284   ; |S_Array_Init|Decoder0~284   ; out              ;
; |S_Array_Init|Decoder0~285   ; |S_Array_Init|Decoder0~285   ; out              ;
; |S_Array_Init|Decoder0~286   ; |S_Array_Init|Decoder0~286   ; out              ;
; |S_Array_Init|Decoder0~287   ; |S_Array_Init|Decoder0~287   ; out              ;
; |S_Array_Init|Decoder0~288   ; |S_Array_Init|Decoder0~288   ; out              ;
; |S_Array_Init|Decoder0~290   ; |S_Array_Init|Decoder0~290   ; out              ;
; |S_Array_Init|Decoder0~291   ; |S_Array_Init|Decoder0~291   ; out              ;
; |S_Array_Init|Decoder0~292   ; |S_Array_Init|Decoder0~292   ; out              ;
; |S_Array_Init|Decoder0~293   ; |S_Array_Init|Decoder0~293   ; out              ;
; |S_Array_Init|Decoder0~294   ; |S_Array_Init|Decoder0~294   ; out              ;
; |S_Array_Init|Decoder0~295   ; |S_Array_Init|Decoder0~295   ; out              ;
; |S_Array_Init|Decoder0~296   ; |S_Array_Init|Decoder0~296   ; out              ;
; |S_Array_Init|Decoder0~297   ; |S_Array_Init|Decoder0~297   ; out              ;
; |S_Array_Init|Decoder0~298   ; |S_Array_Init|Decoder0~298   ; out              ;
; |S_Array_Init|Decoder0~299   ; |S_Array_Init|Decoder0~299   ; out              ;
; |S_Array_Init|Decoder0~300   ; |S_Array_Init|Decoder0~300   ; out              ;
; |S_Array_Init|Decoder0~301   ; |S_Array_Init|Decoder0~301   ; out              ;
; |S_Array_Init|Decoder0~302   ; |S_Array_Init|Decoder0~302   ; out              ;
; |S_Array_Init|Decoder0~303   ; |S_Array_Init|Decoder0~303   ; out              ;
; |S_Array_Init|Decoder0~304   ; |S_Array_Init|Decoder0~304   ; out              ;
; |S_Array_Init|Decoder0~305   ; |S_Array_Init|Decoder0~305   ; out              ;
; |S_Array_Init|Decoder0~306   ; |S_Array_Init|Decoder0~306   ; out              ;
; |S_Array_Init|Decoder0~307   ; |S_Array_Init|Decoder0~307   ; out              ;
; |S_Array_Init|Decoder0~308   ; |S_Array_Init|Decoder0~308   ; out              ;
; |S_Array_Init|Decoder0~309   ; |S_Array_Init|Decoder0~309   ; out              ;
; |S_Array_Init|Decoder0~310   ; |S_Array_Init|Decoder0~310   ; out              ;
; |S_Array_Init|Decoder0~311   ; |S_Array_Init|Decoder0~311   ; out              ;
; |S_Array_Init|Decoder0~312   ; |S_Array_Init|Decoder0~312   ; out              ;
; |S_Array_Init|Decoder0~313   ; |S_Array_Init|Decoder0~313   ; out              ;
; |S_Array_Init|Decoder0~314   ; |S_Array_Init|Decoder0~314   ; out              ;
; |S_Array_Init|Decoder0~315   ; |S_Array_Init|Decoder0~315   ; out              ;
; |S_Array_Init|Decoder0~316   ; |S_Array_Init|Decoder0~316   ; out              ;
; |S_Array_Init|Decoder0~317   ; |S_Array_Init|Decoder0~317   ; out              ;
; |S_Array_Init|Decoder0~318   ; |S_Array_Init|Decoder0~318   ; out              ;
; |S_Array_Init|Decoder0~319   ; |S_Array_Init|Decoder0~319   ; out              ;
+------------------------------+------------------------------+------------------+


+---------------------+
; Simulator INI Usage ;
+--------+------------+
; Option ; Usage      ;
+--------+------------+


+--------------------+
; Simulator Messages ;
+--------------------+
Info: *******************************************************************
Info: Running Quartus II Simulator
    Info: Version 9.0 Build 235 06/17/2009 Service Pack 2 SJ Web Edition
    Info: Processing started: Sun Jun 15 13:16:35 2025
Info: Command: quartus_sim --read_settings_files=on --write_settings_files=off S_Array_Init -c S_Array_Init
Info: Using vector source file "C:/Users/Admin/Desktop/cpen311/lab/lab4/Lab4_template_de1soc/template_de1soc/S_Array_Init.vwf"
Info: Overwriting simulation input file with simulation results
    Info: A backup of S_Array_Init.vwf called S_Array_Init.sim_ori.vwf has been created in the db folder
Warning: Can't find signal in vector source file for input pin "|S_Array_Init|rd_done"
Warning: Can't find signal in vector source file for input pin "|S_Array_Init|rd_data_in[0]"
Warning: Can't find signal in vector source file for input pin "|S_Array_Init|rd_data_in[1]"
Warning: Can't find signal in vector source file for input pin "|S_Array_Init|rd_data_in[2]"
Warning: Can't find signal in vector source file for input pin "|S_Array_Init|rd_data_in[3]"
Warning: Can't find signal in vector source file for input pin "|S_Array_Init|rd_data_in[4]"
Warning: Can't find signal in vector source file for input pin "|S_Array_Init|rd_data_in[5]"
Warning: Can't find signal in vector source file for input pin "|S_Array_Init|rd_data_in[6]"
Warning: Can't find signal in vector source file for input pin "|S_Array_Init|rd_data_in[7]"
Info: Option to preserve fewer signal transitions to reduce memory requirements is enabled
    Info: Simulation has been partitioned into sub-simulations according to the maximum transition count determined by the engine. Transitions from memory will be flushed out to disk at the end of each sub-simulation to reduce memory requirements.
Info: Simulation partitioned into 1 sub-simulations
Info: Simulation coverage is      37.70 %
Info: Number of transitions in simulation is 47972
Info: Vector file S_Array_Init.vwf is saved in VWF text format. You can compress it into CVWF format in order to reduce file size. For more details please refer to the Quartus II Help.
Info: Quartus II Simulator was successful. 0 errors, 9 warnings
    Info: Peak virtual memory: 162 megabytes
    Info: Processing ended: Sun Jun 15 13:16:35 2025
    Info: Elapsed time: 00:00:00
    Info: Total CPU time (on all processors): 00:00:00


